consumer probe      listening on port 9900
topology ring, 1 source(s), capacity 8192, batch 256, linger 100us
  source synth0
ingest 20039/s total=20039 | probe -- sent=0 drop=0 wblock=0 lag=20041
ingest 20007/s total=40046 | probe up sent=28067 drop=11980 wblock=0 lag=0
ingest 20009/s total=60055 | probe up sent=48075 drop=11980 wblock=0 lag=0
ingest 20007/s total=80062 | probe up sent=68083 drop=11980 wblock=0 lag=1
ingest 20009/s total=100071 | probe up sent=88090 drop=11980 wblock=0 lag=0
ingest 20009/s total=120080 | probe up sent=108101 drop=11980 wblock=0 lag=1
ingest 20008/s total=140088 | probe up sent=128108 drop=11980 wblock=0 lag=0
ingest 20009/s total=160097 | probe up sent=148116 drop=11980 wblock=0 lag=1
ingest 20007/s total=180104 | probe up sent=168125 drop=11980 wblock=0 lag=0
ingest 20008/s total=200112 | probe up sent=188131 drop=11980 wblock=0 lag=0
ingest 20008/s total=220120 | probe up sent=208141 drop=11980 wblock=0 lag=0
ingest 20009/s total=240129 | probe up sent=228148 drop=11980 wblock=0 lag=0
ingest 20009/s total=260138 | probe up sent=248156 drop=11980 wblock=0 lag=0
ingest 20006/s total=280144 | probe -- sent=248187 drop=11980 wblock=0 lag=19979

shutting down

topology ring
source   synth0     frames=280147 kernel_drops=0 read_errors=0
ingest   frames=280147 batches=280075 threads=1 claim_retries=0
consumer probe      sent=248187 bytes=11142104 batches=75914 dropped=11980 would_block=0 partial=0 connects=1 disconnects=1 gaps_sent=0 frames_lost=0 lingered=75882
