connected to 127.0.0.1:9900
28182/s total=28182 lost=0 gw_p50=0ns
20003/s total=48185 lost=0 gw_p50=0ns
20002/s total=68187 lost=0 gw_p50=125832ns
20000/s total=88187 lost=0 gw_p50=123853ns
20002/s total=108189 lost=0 gw_p50=123958ns
20003/s total=128192 lost=0 gw_p50=124010ns
20003/s total=148195 lost=0 gw_p50=124010ns
20003/s total=168198 lost=0 gw_p50=123958ns
20000/s total=188198 lost=0 gw_p50=123958ns
20003/s total=208201 lost=0 gw_p50=124010ns
20002/s total=228203 lost=0 gw_p50=123958ns

frames        248183 in 12.000s = 20681.5/s
batches       75913 (mean 3.3 frames/batch)
markers       0  (0 frames, gateway-reported)
absent        0  (0 frames passed while disconnected)
silent jumps  0  (0 frames, no marker: a protocol fault)
connections   1
protocol_errs 0
warmup        68180 samples discarded (first 3s)

latency, nanoseconds (CLOCK_MONOTONIC, valid only within one machine):
gateway  n=180003 (retained 180003, stride 1)
         min 64843  p50 123958  p90 176301  p99 2449780  p99.9 17992472  max 24000466  mean 230530
