consumer probe      listening on port 9900
topology ring, 1 source(s), capacity 8192, batch 256, linger 0us
  source synth0
ingest 100285/s total=100285 | probe -- sent=0 drop=0 wblock=0 lag=100293
ingest 100076/s total=200361 | probe up sent=19466 drop=160709 wblock=11 lag=19938
ingest 100081/s total=300442 | probe up sent=40396 drop=253922 wblock=25 lag=5876
ingest 100071/s total=400513 | probe up sent=58510 drop=298704 wblock=37 lag=43051
ingest 100074/s total=500587 | probe up sent=79546 drop=382858 wblock=51 lag=37935
ingest 100074/s total=600661 | probe up sent=101551 drop=489854 wblock=65 lag=9010
ingest 100079/s total=700740 | probe up sent=118480 drop=539219 wblock=77 lag=42794
ingest 100075/s total=800815 | probe up sent=139252 drop=646740 wblock=90 lag=14575
ingest 100080/s total=900895 | probe up sent=159963 drop=730062 wblock=104 lag=10622
ingest 100078/s total=1000973 | probe up sent=179658 drop=798087 wblock=117 lag=22980
ingest 100082/s total=1101055 | probe up sent=198990 drop=888908 wblock=131 lag=12909
ingest 100079/s total=1201134 | probe up sent=217131 drop=967371 wblock=145 lag=16639
ingest 100078/s total=1301212 | probe -- sent=236428 drop=1057564 wblock=158 lag=7225
ingest 100077/s total=1401289 | probe -- sent=236428 drop=1057564 wblock=158 lag=107302

shutting down

topology ring
source   synth0     frames=1401303 kernel_drops=0 read_errors=0
ingest   frames=1401303 batches=722935 threads=1 claim_retries=0
consumer probe      sent=236428 bytes=10021576 batches=35180 dropped=1057564 would_block=158 partial=74 connects=1 disconnects=1 gaps_sent=39 frames_lost=962425 lingered=0
