consumer probe      listening on port 9900
topology ring, 1 source(s), capacity 8192, batch 256, linger 100us
  source synth0
ingest 20047/s total=20047 | probe up sent=2304 drop=11901 wblock=0 lag=5649
ingest 20084/s total=40131 | probe up sent=28229 drop=11901 wblock=0 lag=0
ingest 20019/s total=60150 | probe up sent=48246 drop=11901 wblock=0 lag=1
ingest 20015/s total=80165 | probe up sent=68264 drop=11901 wblock=0 lag=0
ingest 20016/s total=100181 | probe up sent=88280 drop=11901 wblock=0 lag=0
ingest 20018/s total=120199 | probe up sent=108410 drop=11901 wblock=0 lag=0
ingest 20132/s total=140331 | probe up sent=128428 drop=11901 wblock=0 lag=1
ingest 20017/s total=160348 | probe up sent=148446 drop=11901 wblock=0 lag=0
ingest 20018/s total=180366 | probe up sent=168466 drop=11901 wblock=0 lag=1
ingest 20017/s total=200383 | probe up sent=188480 drop=11901 wblock=0 lag=3
ingest 20017/s total=220400 | probe up sent=208496 drop=11901 wblock=0 lag=2
ingest 20019/s total=240419 | probe up sent=228516 drop=11901 wblock=0 lag=3
ingest 20017/s total=260436 | probe -- sent=248186 drop=11901 wblock=0 lag=351
ingest 20015/s total=280451 | probe -- sent=248186 drop=11901 wblock=0 lag=20365

shutting down

topology ring
source   synth0     frames=280454 kernel_drops=0 read_errors=0
ingest   frames=280454 batches=280223 threads=1 claim_retries=0
consumer probe      sent=248186 bytes=10964352 batches=64807 dropped=11901 would_block=0 partial=0 connects=1 disconnects=1 gaps_sent=0 frames_lost=0 lingered=64775
