connected to 127.0.0.1:9900
28182/s total=28182 lost=0 gw_p50=0ns
20001/s total=48183 lost=0 gw_p50=0ns
20001/s total=68184 lost=0 gw_p50=123176ns
20002/s total=88186 lost=0 gw_p50=126093ns
20002/s total=108188 lost=0 gw_p50=126198ns
20000/s total=128188 lost=0 gw_p50=126353ns
20003/s total=148191 lost=0 gw_p50=126353ns
20002/s total=168193 lost=0 gw_p50=126561ns
20001/s total=188194 lost=0 gw_p50=126510ns
20002/s total=208196 lost=0 gw_p50=126562ns
20004/s total=228200 lost=0 gw_p50=126562ns

frames        248182 in 12.000s = 20681.6/s
batches       64806 (mean 3.8 frames/batch)
markers       0  (0 frames, gateway-reported)
absent        0  (0 frames passed while disconnected)
silent jumps  0  (0 frames, no marker: a protocol fault)
connections   1
protocol_errs 0
warmup        68180 samples discarded (first 3s)

latency, nanoseconds (CLOCK_MONOTONIC, valid only within one machine):
gateway  n=180002 (retained 180002, stride 1)
         min 58594  p50 126614  p90 223593  p99 2633478  p99.9 18487938  max 24192183  mean 248638
