consumer probe      listening on port 9900
topology ring, 1 source(s), capacity 8192, batch 256, linger 0us
  source synth0
ingest 50112/s total=50112 | probe -- sent=0 drop=0 wblock=0 lag=50116
ingest 50039/s total=100151 | probe up sent=16424 drop=62355 wblock=11 lag=21120
ingest 50038/s total=150189 | probe up sent=33861 drop=103794 wblock=25 lag=12537
ingest 50039/s total=200228 | probe up sent=39238 drop=147997 wblock=36 lag=12741
ingest 50040/s total=250268 | probe up sent=56431 drop=180422 wblock=50 lag=13162
ingest 50038/s total=300306 | probe up sent=73898 drop=219076 wblock=64 lag=7335
ingest 50039/s total=350345 | probe up sent=79275 drop=262906 wblock=75 lag=7912
ingest 50039/s total=400384 | probe up sent=96488 drop=296418 wblock=89 lag=7226
ingest 50037/s total=450421 | probe up sent=113969 drop=334329 wblock=103 lag=2126
ingest 50038/s total=500459 | probe up sent=116530 drop=354285 wblock=113 lag=29393
ingest 50039/s total=550498 | probe -- sent=133982 drop=391779 wblock=127 lag=24741
ingest 50040/s total=600538 | probe -- sent=133982 drop=391779 wblock=127 lag=74780

shutting down

topology ring
source   synth0     frames=600544 kernel_drops=0 read_errors=0
ingest   frames=600544 batches=600016 threads=1 claim_retries=0
consumer probe      sent=133982 bytes=5836960 batches=29809 dropped=391779 would_block=127 partial=43 connects=1 disconnects=1 gaps_sent=18 frames_lost=349764 lingered=0
