consumer probe      listening on port 9900
topology ring, 1 source(s), capacity 8192, batch 256, linger 0us
  source synth0
ingest 100238/s total=100238 | probe -- sent=0 drop=0 wblock=0 lag=100246
ingest 100361/s total=200599 | probe up sent=108374 drop=92221 wblock=0 lag=6
ingest 100087/s total=300686 | probe up sent=208459 drop=92221 wblock=0 lag=8
ingest 100090/s total=400776 | probe up sent=308550 drop=92221 wblock=0 lag=14
ingest 100095/s total=500871 | probe up sent=408644 drop=92221 wblock=0 lag=30
ingest 100109/s total=600980 | probe up sent=508752 drop=92221 wblock=0 lag=21
ingest 100103/s total=701083 | probe up sent=608855 drop=92221 wblock=1 lag=20
ingest 100098/s total=801181 | probe up sent=708955 drop=92221 wblock=3 lag=18
ingest 100097/s total=901278 | probe up sent=809053 drop=92221 wblock=5 lag=17
ingest 100529/s total=1001807 | probe up sent=909580 drop=92221 wblock=9 lag=25
ingest 100389/s total=1102196 | probe -- sent=1008148 drop=92221 wblock=13 lag=1846
ingest 100096/s total=1202292 | probe -- sent=1008148 drop=92221 wblock=13 lag=101931

shutting down

topology ring
source   synth0     frames=1202306 kernel_drops=0 read_errors=0
ingest   frames=1202306 batches=765658 threads=1 claim_retries=0
consumer probe      sent=1008148 bytes=45966112 batches=352512 dropped=92221 would_block=13 partial=5 connects=1 disconnects=1 gaps_sent=0 frames_lost=0 lingered=0
