consumer probe      listening on port 9900
topology ring, 1 source(s), capacity 8192, batch 256, linger 100us
  source synth0
ingest 20038/s total=20038 | probe -- sent=0 drop=0 wblock=0 lag=20040
ingest 20008/s total=40046 | probe up sent=27978 drop=12069 wblock=0 lag=0
ingest 20008/s total=60054 | probe up sent=47983 drop=12069 wblock=0 lag=1
ingest 20008/s total=80062 | probe up sent=67993 drop=12069 wblock=0 lag=0
ingest 20008/s total=100070 | probe up sent=88001 drop=12069 wblock=0 lag=1
ingest 20007/s total=120077 | probe up sent=108007 drop=12069 wblock=0 lag=0
ingest 20008/s total=140085 | probe up sent=128014 drop=12069 wblock=0 lag=0
ingest 20009/s total=160094 | probe up sent=148024 drop=12069 wblock=0 lag=0
ingest 20008/s total=180102 | probe up sent=168030 drop=12069 wblock=0 lag=0
ingest 20007/s total=200109 | probe up sent=188040 drop=12069 wblock=0 lag=1
ingest 20008/s total=220117 | probe up sent=208048 drop=12069 wblock=0 lag=1
ingest 20008/s total=240125 | probe up sent=228056 drop=12069 wblock=0 lag=0
ingest 20009/s total=260134 | probe up sent=248063 drop=12069 wblock=0 lag=0
ingest 20006/s total=280140 | probe -- sent=248186 drop=12069 wblock=0 lag=19887

shutting down

topology ring
source   synth0     frames=280143 kernel_drops=0 read_errors=0
ingest   frames=280143 batches=280101 threads=1 claim_retries=0
consumer probe      sent=248186 bytes=11121616 batches=74636 dropped=12069 would_block=0 partial=0 connects=1 disconnects=1 gaps_sent=0 frames_lost=0 lingered=74604
