connected to 127.0.0.1:9900
28183/s total=28183 lost=0 gw_p50=0ns
20002/s total=48185 lost=0 gw_p50=0ns
20002/s total=68187 lost=0 gw_p50=123020ns
20000/s total=88187 lost=0 gw_p50=124062ns
20001/s total=108188 lost=0 gw_p50=124009ns
20003/s total=128191 lost=0 gw_p50=124010ns
20003/s total=148194 lost=0 gw_p50=124062ns
20000/s total=168194 lost=0 gw_p50=124062ns
20002/s total=188196 lost=0 gw_p50=124062ns
20002/s total=208198 lost=0 gw_p50=124062ns
20003/s total=228201 lost=0 gw_p50=124114ns

frames        248183 in 12.000s = 20681.7/s
batches       74635 (mean 3.3 frames/batch)
markers       0  (0 frames, gateway-reported)
absent        0  (0 frames passed while disconnected)
silent jumps  0  (0 frames, no marker: a protocol fault)
connections   1
protocol_errs 0
warmup        68181 samples discarded (first 3s)

latency, nanoseconds (CLOCK_MONOTONIC, valid only within one machine):
gateway  n=180002 (retained 180002, stride 1)
         min 63906  p50 124114  p90 177135  p99 2311344  p99.9 17843201  max 23617289  mean 230630
