connected to 127.0.0.1:9900
28184/s total=28184 lost=0 gw_p50=0ns
20001/s total=48185 lost=0 gw_p50=69010ns
20000/s total=68185 lost=0 gw_p50=61614ns
20001/s total=88186 lost=0 gw_p50=61666ns
20001/s total=108187 lost=0 gw_p50=61614ns
20001/s total=128188 lost=0 gw_p50=61614ns
20001/s total=148189 lost=0 gw_p50=61615ns
20001/s total=168190 lost=0 gw_p50=61666ns
20001/s total=188191 lost=0 gw_p50=61666ns

frames        208183 in 10.000s = 20818.1/s
batches       198623 (mean 1.0 frames/batch)
markers       0  (0 frames, gateway-reported)
absent        0  (0 frames passed while disconnected)
silent jumps  0  (0 frames, no marker: a protocol fault)
connections   1
protocol_errs 0
warmup        48181 samples discarded (first 2s)

latency, nanoseconds (valid only within one CLOCK_MONOTONIC domain):
gateway  n=160002 (retained 160002, stride 1)
         min 37864  p50 61666  p90 74948  p99 227186  p99.9 12872965  max 17733934  mean 124435
