consumer probe      listening on port 9900
topology queue, 1 source(s), capacity 8192, batch 256, linger 0us
  source synth0
ingest 100237/s total=100237 | probe -- sent=0 drop=92056 wblock=0 lag=8192
ingest 100435/s total=200672 | probe up sent=106115 drop=94543 wblock=0 lag=24
ingest 100097/s total=300769 | probe up sent=206219 drop=94543 wblock=0 lag=11
ingest 100092/s total=400861 | probe up sent=306350 drop=94543 wblock=0 lag=0
ingest 100124/s total=500985 | probe up sent=406445 drop=94543 wblock=0 lag=4
ingest 100119/s total=601104 | probe up sent=506564 drop=94543 wblock=0 lag=3
ingest 100124/s total=701228 | probe up sent=606690 drop=94543 wblock=0 lag=0
ingest 100118/s total=801346 | probe up sent=706809 drop=94543 wblock=0 lag=0
ingest 100219/s total=901565 | probe up sent=807026 drop=94543 wblock=0 lag=0
ingest 100121/s total=1001686 | probe up sent=907149 drop=94543 wblock=1 lag=0
ingest 100153/s total=1101839 | probe up sent=1007297 drop=94543 wblock=5 lag=6
ingest 100235/s total=1202074 | probe up sent=1107535 drop=94543 wblock=5 lag=1
ingest 100123/s total=1302197 | probe -- sent=1205534 drop=94543 wblock=5 lag=2129
ingest 100084/s total=1402281 | probe -- sent=1205534 drop=188563 wblock=5 lag=8192

shutting down

topology queue
source   synth0     frames=1402294 kernel_drops=0 read_errors=0
ingest   frames=1402294 batches=972301 threads=1
consumer probe      sent=1205534 bytes=54209968 batches=374288 dropped=188568 would_block=5 partial=0 connects=1 disconnects=1 gaps_sent=0 frames_lost=0 lingered=0
