consumer probe      listening on port 9900
topology ring, 1 source(s), capacity 8192, batch 256, linger 0us
  source synth0
ingest 100276/s total=100276 | probe -- sent=0 drop=0 wblock=0 lag=100291
ingest 100064/s total=200340 | probe up sent=105926 drop=94414 wblock=0 lag=0
ingest 100054/s total=300394 | probe up sent=205980 drop=94414 wblock=0 lag=0
ingest 100054/s total=400448 | probe up sent=306034 drop=94414 wblock=0 lag=0
ingest 100050/s total=500498 | probe up sent=406084 drop=94414 wblock=0 lag=0
ingest 100056/s total=600554 | probe up sent=506140 drop=94414 wblock=0 lag=0
ingest 100052/s total=700606 | probe up sent=606192 drop=94414 wblock=0 lag=0
ingest 100061/s total=800667 | probe up sent=706253 drop=94414 wblock=0 lag=0
ingest 100060/s total=900727 | probe up sent=806313 drop=94414 wblock=0 lag=0
ingest 100054/s total=1000781 | probe up sent=906367 drop=94414 wblock=0 lag=0
ingest 100051/s total=1100832 | probe up sent=1006418 drop=94414 wblock=2 lag=0
ingest 100060/s total=1200892 | probe up sent=1106478 drop=94414 wblock=2 lag=0
ingest 100055/s total=1300947 | probe -- sent=1205513 drop=94414 wblock=2 lag=1020
ingest 100071/s total=1401018 | probe -- sent=1205513 drop=94414 wblock=2 lag=101100

shutting down

topology ring
source   synth0     frames=1401034 kernel_drops=0 read_errors=0
ingest   frames=1401034 batches=917072 threads=1 claim_retries=0
consumer probe      sent=1205513 bytes=54593768 batches=398328 dropped=94414 would_block=2 partial=0 connects=1 disconnects=1 gaps_sent=0 frames_lost=0 lingered=0
