consumer probe      listening on port 9900
topology ring, 1 source(s), capacity 8192, batch 256, linger 0us
  source synth0
ingest 25056/s total=25056 | probe -- sent=0 drop=0 wblock=0 lag=25058
ingest 25020/s total=50076 | probe up sent=16834 drop=19714 wblock=9 lag=13274
ingest 25019/s total=75095 | probe up sent=33669 drop=33350 wblock=21 lag=8077
ingest 25095/s total=100190 | probe up sent=50564 drop=49626 wblock=34 lag=0
ingest 25014/s total=125204 | probe up sent=55554 drop=51588 wblock=44 lag=17807
ingest 25018/s total=150222 | probe up sent=74878 drop=67379 wblock=57 lag=7711
ingest 25018/s total=175240 | probe up sent=91789 drop=81329 wblock=69 lag=2124
ingest 25018/s total=200258 | probe up sent=97166 drop=94365 wblock=81 lag=8472
ingest 25020/s total=225278 | probe up sent=113656 drop=99417 wblock=92 lag=11951
ingest 25020/s total=250298 | probe up sent=131431 drop=114174 wblock=104 lag=4439
ingest 25017/s total=275315 | probe -- sent=145212 drop=129886 wblock=117 lag=218
ingest 25019/s total=300334 | probe -- sent=145212 drop=129886 wblock=117 lag=25237

shutting down

topology ring
source   synth0     frames=300337 kernel_drops=0 read_errors=0
ingest   frames=300337 batches=300258 threads=1 claim_retries=0
consumer probe      sent=145212 bytes=6418440 batches=38070 dropped=129886 would_block=117 partial=45 connects=1 disconnects=1 gaps_sent=21 frames_lost=112970 lingered=0
