connected to 127.0.0.1:9901
28181/s total=28181 lost=0 gw_p50=0ns
20001/s total=48182 lost=0 gw_p50=0ns
20001/s total=68183 lost=0 gw_p50=143593ns
20001/s total=88184 lost=0 gw_p50=131823ns
20001/s total=108185 lost=0 gw_p50=132135ns
20001/s total=128186 lost=0 gw_p50=132291ns
20001/s total=148187 lost=0 gw_p50=131561ns
20002/s total=168189 lost=0 gw_p50=131041ns
20000/s total=188189 lost=0 gw_p50=131458ns
20003/s total=208192 lost=0 gw_p50=131979ns
20001/s total=228193 lost=0 gw_p50=132707ns
20001/s total=248194 lost=0 gw_p50=131718ns
20001/s total=268195 lost=0 gw_p50=131301ns
20001/s total=288196 lost=0 gw_p50=132552ns
20002/s total=308198 lost=0 gw_p50=132968ns
20002/s total=328200 lost=0 gw_p50=132031ns
20002/s total=348202 lost=0 gw_p50=133437ns
20003/s total=368205 lost=0 gw_p50=131562ns
20000/s total=388205 lost=0 gw_p50=132135ns
20000/s total=408205 lost=0 gw_p50=132395ns
20002/s total=428207 lost=0 gw_p50=132291ns
20000/s total=448207 lost=0 gw_p50=131718ns
20001/s total=468208 lost=0 gw_p50=131562ns
20002/s total=488210 lost=0 gw_p50=132187ns
20001/s total=508211 lost=0 gw_p50=132447ns
20002/s total=528213 lost=0 gw_p50=131353ns
20001/s total=548214 lost=0 gw_p50=131926ns
20003/s total=568217 lost=0 gw_p50=130884ns
20001/s total=588218 lost=0 gw_p50=131353ns
20002/s total=608220 lost=0 gw_p50=131145ns
20002/s total=628222 lost=0 gw_p50=132031ns
20001/s total=648223 lost=0 gw_p50=132187ns
20002/s total=668225 lost=0 gw_p50=131978ns
20001/s total=688226 lost=0 gw_p50=133072ns
20002/s total=708228 lost=0 gw_p50=135885ns
20003/s total=728231 lost=0 gw_p50=132552ns
20001/s total=748232 lost=0 gw_p50=132134ns
20002/s total=768234 lost=0 gw_p50=131874ns
20001/s total=788235 lost=0 gw_p50=131406ns
20002/s total=808237 lost=0 gw_p50=131718ns
20001/s total=828238 lost=0 gw_p50=132031ns
20002/s total=848240 lost=0 gw_p50=131979ns
20001/s total=868241 lost=0 gw_p50=131197ns
20001/s total=888242 lost=0 gw_p50=131822ns

frames        907635 in 44.973s = 20181.9/s
batches       295876 (mean 3.1 frames/batch)
markers       0  (0 frames, gateway-reported)
absent        0  (0 frames passed while disconnected)
silent jumps  0  (0 frames, no marker: a protocol fault)
connections   1
protocol_errs 0
warmup        68180 samples discarded (first 3s)

latency, nanoseconds (CLOCK_MONOTONIC, valid only within one machine):
gateway  n=839455 (retained 839455, stride 1)
         min 63229  p50 131926  p90 187447  p99 230676  p99.9 286926  max 2547072  mean 135984
