consumer probe      listening on port 9900
topology ring, 1 source(s), capacity 8192, batch 256, linger 0us
  source synth0
ingest 100251/s total=100251 | probe -- sent=0 drop=0 wblock=0 lag=100259
ingest 100083/s total=200334 | probe up sent=21406 drop=172492 wblock=11 lag=6444
ingest 100080/s total=300414 | probe up sent=40066 drop=246052 wblock=24 lag=14050
ingest 100080/s total=400494 | probe up sent=58393 drop=294003 wblock=38 lag=47852
ingest 100082/s total=500576 | probe up sent=79738 drop=378908 wblock=51 lag=41682
ingest 100083/s total=600659 | probe up sent=101184 drop=475974 wblock=65 lag=23253
ingest 100081/s total=700740 | probe up sent=121326 drop=534896 wblock=79 lag=44270
ingest 100084/s total=800824 | probe up sent=141783 drop=628554 wblock=94 lag=30241
ingest 100084/s total=900908 | probe up sent=161762 drop=715774 wblock=108 lag=23124
ingest 100085/s total=1000993 | probe up sent=184129 drop=805842 wblock=122 lag=10780
ingest 100083/s total=1101076 | probe -- sent=204669 drop=869541 wblock=136 lag=26618
ingest 100074/s total=1201150 | probe -- sent=204669 drop=869541 wblock=136 lag=126692

shutting down

topology ring
source   synth0     frames=1201164 kernel_drops=0 read_errors=0
ingest   frames=1201164 batches=612412 threads=1 claim_retries=0
consumer probe      sent=204669 bytes=8642928 batches=28412 dropped=869541 would_block=136 partial=65 connects=1 disconnects=1 gaps_sent=36 frames_lost=777301 lingered=0
