consumer probe      listening on port 9900
topology ring, 1 source(s), capacity 8192, batch 256, linger 0us
  source synth0
ingest 20043/s total=20043 | probe -- sent=0 drop=0 wblock=0 lag=20045
ingest 20015/s total=40058 | probe up sent=15567 drop=11890 wblock=9 lag=12347
ingest 20014/s total=60072 | probe up sent=32243 drop=27830 wblock=20 lag=0
ingest 20014/s total=80086 | probe up sent=37239 drop=35740 wblock=31 lag=6852
ingest 20014/s total=100100 | probe up sent=46772 drop=53327 wblock=41 lag=3
ingest 20016/s total=120116 | probe up sent=56618 drop=53327 wblock=50 lag=9917
ingest 20015/s total=140131 | probe up sent=70690 drop=69440 wblock=60 lag=2
ingest 20015/s total=160146 | probe up sent=89587 drop=69440 wblock=78 lag=1120
ingest 20015/s total=180161 | probe up sent=105662 drop=74075 wblock=90 lag=425
ingest 20016/s total=200177 | probe up sent=117632 drop=74075 wblock=102 lag=8216
ingest 20016/s total=220193 | probe -- sent=138604 drop=78196 wblock=113 lag=3394
ingest 20014/s total=240207 | probe -- sent=138604 drop=78196 wblock=113 lag=23408

shutting down

topology ring
source   synth0     frames=240211 kernel_drops=0 read_errors=0
ingest   frames=240211 batches=240136 threads=1 claim_retries=0
consumer probe      sent=138604 bytes=6113833 batches=35581 dropped=78196 would_block=113 partial=26 connects=1 disconnects=1 gaps_sent=9 frames_lost=66306 lingered=0
