consumer probe      listening on port 9901
topology ring, 1 source(s), capacity 8192, batch 256, linger 100us
  source synth0
ingest 20057/s total=20057 | probe -- sent=0 drop=0 wblock=0 lag=20060
ingest 20019/s total=40076 | probe up sent=27682 drop=12394 wblock=0 lag=1
ingest 20019/s total=60095 | probe up sent=47700 drop=12394 wblock=0 lag=0
ingest 20018/s total=80113 | probe up sent=67720 drop=12394 wblock=0 lag=0
ingest 20017/s total=100130 | probe up sent=87734 drop=12394 wblock=0 lag=0
ingest 20017/s total=120147 | probe up sent=107752 drop=12394 wblock=0 lag=1
ingest 20020/s total=140167 | probe up sent=127774 drop=12394 wblock=0 lag=0
ingest 20020/s total=160187 | probe up sent=147792 drop=12394 wblock=0 lag=0
ingest 20015/s total=180202 | probe up sent=167807 drop=12394 wblock=0 lag=0
ingest 20017/s total=200219 | probe up sent=187824 drop=12394 wblock=0 lag=0
ingest 20017/s total=220236 | probe up sent=207843 drop=12394 wblock=0 lag=0
ingest 20018/s total=240254 | probe up sent=227859 drop=12394 wblock=0 lag=0
ingest 20018/s total=260272 | probe up sent=247878 drop=12394 wblock=0 lag=0
ingest 20018/s total=280290 | probe up sent=267895 drop=12394 wblock=0 lag=0
ingest 20019/s total=300309 | probe up sent=287914 drop=12394 wblock=0 lag=0
ingest 20016/s total=320325 | probe up sent=307931 drop=12394 wblock=0 lag=1
ingest 20018/s total=340343 | probe up sent=327948 drop=12394 wblock=0 lag=0
ingest 20017/s total=360360 | probe up sent=347965 drop=12394 wblock=0 lag=0
ingest 20017/s total=380377 | probe up sent=367983 drop=12394 wblock=0 lag=1
ingest 20018/s total=400395 | probe up sent=387999 drop=12394 wblock=0 lag=0
ingest 20018/s total=420413 | probe up sent=408019 drop=12394 wblock=0 lag=1
ingest 20019/s total=440432 | probe up sent=428037 drop=12394 wblock=0 lag=0
ingest 20017/s total=460449 | probe up sent=448056 drop=12394 wblock=0 lag=0
ingest 20017/s total=480466 | probe up sent=468071 drop=12394 wblock=0 lag=0
ingest 20018/s total=500484 | probe up sent=488090 drop=12394 wblock=0 lag=1
ingest 20018/s total=520502 | probe up sent=508106 drop=12394 wblock=0 lag=1
ingest 20018/s total=540520 | probe up sent=528124 drop=12394 wblock=0 lag=0
ingest 20017/s total=560537 | probe up sent=548142 drop=12394 wblock=0 lag=0
ingest 20017/s total=580554 | probe up sent=568160 drop=12394 wblock=0 lag=0
ingest 20019/s total=600573 | probe up sent=588179 drop=12394 wblock=0 lag=1
ingest 20017/s total=620590 | probe up sent=608195 drop=12394 wblock=0 lag=3
ingest 20018/s total=640608 | probe up sent=628215 drop=12394 wblock=0 lag=0
ingest 20018/s total=660626 | probe up sent=648231 drop=12394 wblock=0 lag=2
ingest 20020/s total=680646 | probe up sent=668250 drop=12394 wblock=0 lag=1
ingest 20017/s total=700663 | probe up sent=688269 drop=12394 wblock=0 lag=0
ingest 20016/s total=720679 | probe up sent=708283 drop=12394 wblock=0 lag=1
ingest 20019/s total=740698 | probe up sent=728303 drop=12394 wblock=0 lag=2
ingest 20020/s total=760718 | probe up sent=748323 drop=12394 wblock=0 lag=0
ingest 20019/s total=780737 | probe up sent=768340 drop=12394 wblock=0 lag=2
ingest 20018/s total=800755 | probe up sent=788361 drop=12394 wblock=0 lag=0
ingest 20018/s total=820773 | probe up sent=808377 drop=12394 wblock=0 lag=0
ingest 20017/s total=840790 | probe up sent=828395 drop=12394 wblock=0 lag=0
ingest 20019/s total=860809 | probe up sent=848413 drop=12394 wblock=0 lag=1
ingest 20020/s total=880829 | probe up sent=868433 drop=12394 wblock=0 lag=2
ingest 20016/s total=900845 | probe up sent=888450 drop=12394 wblock=0 lag=1
ingest 20018/s total=920863 | probe -- sent=907643 drop=12394 wblock=0 lag=828
ingest 20016/s total=940879 | probe -- sent=907643 drop=12394 wblock=0 lag=20911

shutting down

topology ring
source   synth0     frames=940951 kernel_drops=0 read_errors=0
ingest   frames=940951 batches=939611 threads=1 claim_retries=0
consumer probe      sent=907643 bytes=41037000 batches=295705 dropped=12394 would_block=0 partial=0 connects=1 disconnects=1 gaps_sent=0 frames_lost=0 lingered=295665
