consumer probe      listening on port 9900
topology ring, 1 source(s), capacity 8192, batch 256, linger 100us
  source synth0
ingest 20325/s total=20325 | probe up sent=6144 drop=12084 wblock=2 lag=1843
ingest 20014/s total=40339 | probe up sent=28255 drop=12084 wblock=2 lag=0
ingest 20015/s total=60354 | probe up sent=48269 drop=12084 wblock=2 lag=1
ingest 20016/s total=80370 | probe up sent=68286 drop=12084 wblock=2 lag=0
ingest 20013/s total=100383 | probe up sent=88404 drop=12084 wblock=2 lag=0
ingest 20108/s total=120491 | probe up sent=108405 drop=12084 wblock=2 lag=0
ingest 20025/s total=140516 | probe up sent=128431 drop=12084 wblock=2 lag=0
ingest 20014/s total=160530 | probe up sent=148316 drop=12084 wblock=2 lag=130
ingest 20015/s total=180545 | probe up sent=168411 drop=12084 wblock=2 lag=50
ingest 20015/s total=200560 | probe up sent=188361 drop=12084 wblock=2 lag=115
ingest 20025/s total=220585 | probe up sent=208498 drop=12084 wblock=2 lag=3
ingest 19982/s total=240567 | probe up sent=228483 drop=12084 wblock=2 lag=0
ingest 20055/s total=260622 | probe -- sent=248319 drop=12084 wblock=2 lag=221
ingest 20017/s total=280639 | probe -- sent=248319 drop=12084 wblock=2 lag=20237

shutting down

topology ring
source   synth0     frames=280642 kernel_drops=0 read_errors=0
ingest   frames=280642 batches=200779 threads=1 claim_retries=0
consumer probe      sent=248319 bytes=10428824 batches=31004 dropped=12084 would_block=2 partial=2 connects=1 disconnects=1 gaps_sent=0 frames_lost=0 lingered=30855
