consumer probe      listening on port 9900
topology ring, 1 source(s), capacity 8192, batch 256, linger 0us
  source synth0
ingest 2006/s total=2006 | probe -- sent=0 drop=0 wblock=0 lag=2006
ingest 2002/s total=4008 | probe up sent=4008 drop=0 wblock=0 lag=0
ingest 2001/s total=6009 | probe up sent=6009 drop=0 wblock=0 lag=1
ingest 2002/s total=8011 | probe up sent=8011 drop=0 wblock=0 lag=1
ingest 2002/s total=10013 | probe up sent=10013 drop=0 wblock=0 lag=1
ingest 2002/s total=12015 | probe up sent=12015 drop=0 wblock=0 lag=0
ingest 2002/s total=14017 | probe up sent=14017 drop=0 wblock=0 lag=0
ingest 2002/s total=16019 | probe up sent=16019 drop=0 wblock=0 lag=0
ingest 2002/s total=18021 | probe up sent=18021 drop=0 wblock=0 lag=0
ingest 2002/s total=20023 | probe up sent=20023 drop=0 wblock=0 lag=0
ingest 2002/s total=22025 | probe up sent=22025 drop=0 wblock=0 lag=0
ingest 2001/s total=24026 | probe up sent=24026 drop=0 wblock=0 lag=0
ingest 2002/s total=26028 | probe -- sent=26009 drop=0 wblock=0 lag=19
ingest 2002/s total=28030 | probe -- sent=26009 drop=0 wblock=0 lag=2022

shutting down

topology ring
source   synth0     frames=28031 kernel_drops=0 read_errors=0
ingest   frames=28031 batches=28028 threads=1 claim_retries=0
consumer probe      sent=26009 bytes=1423432 batches=23942 dropped=0 would_block=0 partial=0 connects=1 disconnects=1 gaps_sent=0 frames_lost=0 lingered=0
