consumer probe      listening on port 9900
topology ring, 1 source(s), capacity 8192, batch 256, linger 100us
  source synth0
ingest 20038/s total=20038 | probe up sent=8460 drop=11578 wblock=0 lag=0
ingest 20008/s total=40046 | probe up sent=28469 drop=11578 wblock=0 lag=0
ingest 20007/s total=60053 | probe up sent=48474 drop=11578 wblock=0 lag=1
ingest 20007/s total=80060 | probe up sent=68483 drop=11578 wblock=0 lag=0
ingest 20008/s total=100068 | probe up sent=88489 drop=11578 wblock=0 lag=0
ingest 20007/s total=120075 | probe up sent=108497 drop=11578 wblock=0 lag=1
ingest 20007/s total=140082 | probe up sent=128503 drop=11578 wblock=0 lag=1
ingest 20007/s total=160089 | probe up sent=148512 drop=11578 wblock=0 lag=0
ingest 20008/s total=180097 | probe up sent=168518 drop=11578 wblock=0 lag=0
ingest 20007/s total=200104 | probe up sent=188531 drop=11578 wblock=0 lag=0
ingest 20013/s total=220117 | probe up sent=208540 drop=11578 wblock=0 lag=0
ingest 20007/s total=240124 | probe up sent=228546 drop=11578 wblock=0 lag=1
ingest 20009/s total=260133 | probe -- sent=248185 drop=11578 wblock=0 lag=372
ingest 20006/s total=280139 | probe -- sent=248185 drop=11578 wblock=0 lag=20378

shutting down

topology ring
source   synth0     frames=280142 kernel_drops=0 read_errors=0
ingest   frames=280142 batches=280072 threads=1 claim_retries=0
consumer probe      sent=248185 bytes=11111368 batches=73998 dropped=11578 would_block=0 partial=0 connects=1 disconnects=1 gaps_sent=0 frames_lost=0 lingered=73966
