connected to 127.0.0.1:9900
28183/s total=28183 lost=0 gw_p50=0ns
20002/s total=48185 lost=0 gw_p50=0ns
20001/s total=68186 lost=0 gw_p50=123489ns
20002/s total=88188 lost=0 gw_p50=124062ns
20003/s total=108191 lost=0 gw_p50=124166ns
20004/s total=128195 lost=0 gw_p50=124114ns
20001/s total=148196 lost=0 gw_p50=124062ns
20002/s total=168198 lost=0 gw_p50=124062ns
20001/s total=188199 lost=0 gw_p50=124114ns
20002/s total=208201 lost=0 gw_p50=124114ns
20001/s total=228202 lost=0 gw_p50=124114ns

frames        248182 in 12.000s = 20681.5/s
batches       73997 (mean 3.4 frames/batch)
markers       0  (0 frames, gateway-reported)
absent        0  (0 frames passed while disconnected)
silent jumps  0  (0 frames, no marker: a protocol fault)
connections   1
protocol_errs 0
warmup        68179 samples discarded (first 3s)

latency, nanoseconds (CLOCK_MONOTONIC, valid only within one machine):
gateway  n=180003 (retained 180003, stride 1)
         min 64166  p50 124114  p90 178124  p99 2771186  p99.9 19098456  max 23952810  mean 240890
