consumer probe      listening on port 9900
topology ring, 1 source(s), capacity 8192, batch 256, linger 5000us
  source synth0
ingest 20052/s total=20052 | probe -- sent=0 drop=0 wblock=0 lag=20054
ingest 20018/s total=40070 | probe up sent=27631 drop=12420 wblock=0 lag=1
ingest 20017/s total=60087 | probe up sent=47623 drop=12420 wblock=0 lag=0
ingest 20017/s total=80104 | probe up sent=67620 drop=12420 wblock=0 lag=0
ingest 20018/s total=100122 | probe up sent=87613 drop=12420 wblock=0 lag=0
ingest 20017/s total=120139 | probe up sent=107711 drop=12420 wblock=0 lag=1
ingest 20017/s total=140156 | probe up sent=127714 drop=12420 wblock=0 lag=1
ingest 20018/s total=160174 | probe up sent=147707 drop=12420 wblock=0 lag=1
ingest 20016/s total=180190 | probe up sent=167706 drop=12420 wblock=0 lag=0
ingest 20018/s total=200208 | probe up sent=187699 drop=12420 wblock=0 lag=1
ingest 20017/s total=220225 | probe up sent=207795 drop=12420 wblock=0 lag=0
ingest 20019/s total=240244 | probe up sent=227790 drop=12420 wblock=0 lag=1
ingest 20016/s total=260260 | probe -- sent=247782 drop=12420 wblock=0 lag=60
ingest 20016/s total=280276 | probe -- sent=247782 drop=12420 wblock=0 lag=20077

shutting down

topology ring
source   synth0     frames=280280 kernel_drops=0 read_errors=0
ingest   frames=280280 batches=280039 threads=1 claim_retries=0
consumer probe      sent=247782 bytes=9949360 batches=2380 dropped=12420 would_block=0 partial=0 connects=1 disconnects=1 gaps_sent=0 frames_lost=0 lingered=2348
