connected to 127.0.0.1:9900
28183/s total=28183 lost=0 gw_p50=0ns
20000/s total=48183 lost=0 gw_p50=0ns
20001/s total=68184 lost=0 gw_p50=124479ns
20001/s total=88185 lost=0 gw_p50=124114ns
20001/s total=108186 lost=0 gw_p50=124114ns
20001/s total=128187 lost=0 gw_p50=124166ns
20003/s total=148190 lost=0 gw_p50=124218ns
20001/s total=168191 lost=0 gw_p50=124166ns
20003/s total=188194 lost=0 gw_p50=124114ns
20003/s total=208197 lost=0 gw_p50=124114ns
20002/s total=228199 lost=0 gw_p50=124062ns

frames        248160 in 11.999s = 20681.8/s
batches       72881 (mean 3.4 frames/batch)
markers       0  (0 frames, gateway-reported)
absent        0  (0 frames passed while disconnected)
silent jumps  0  (0 frames, no marker: a protocol fault)
connections   1
protocol_errs 0
warmup        68180 samples discarded (first 3s)

latency, nanoseconds (CLOCK_MONOTONIC, valid only within one machine):
gateway  n=179980 (retained 179980, stride 1)
         min 62969  p50 124062  p90 220520  p99 2601134  p99.9 18143981  max 24109527  mean 236735
