connected to 127.0.0.1:9900
28213/s total=28213 lost=0 gw_p50=0ns
20003/s total=48216 lost=0 gw_p50=0ns
20001/s total=68217 lost=0 gw_p50=4037326ns
20079/s total=88296 lost=0 gw_p50=248019ns
20000/s total=108296 lost=0 gw_p50=250416ns
20003/s total=128299 lost=0 gw_p50=250572ns
19985/s total=148284 lost=0 gw_p50=251406ns
20092/s total=168376 lost=0 gw_p50=251874ns
20000/s total=188376 lost=0 gw_p50=250519ns
19997/s total=208373 lost=0 gw_p50=250884ns
20001/s total=228374 lost=0 gw_p50=250884ns

frames        248214 in 12.003s = 20679.7/s
batches       28852 (mean 8.6 frames/batch)
markers       0  (0 frames, gateway-reported)
absent        0  (0 frames passed while disconnected)
silent jumps  0  (0 frames, no marker: a protocol fault)
connections   1
protocol_errs 0
warmup        68125 samples discarded (first 3s)

latency, nanoseconds (CLOCK_MONOTONIC, valid only within one machine):
gateway  n=180089 (retained 180089, stride 1)
         min 63229  p50 251978  p90 3418161  p99 25608530  p99.9 50482428  max 55234229  mean 1447794
