consumer probe      listening on port 9900
topology ring, 1 source(s), capacity 8192, batch 256, linger 100us
  source synth0
ingest 20132/s total=20132 | probe -- sent=0 drop=0 wblock=0 lag=20218
ingest 20100/s total=40232 | probe up sent=28200 drop=12029 wblock=2 lag=0
ingest 20012/s total=60244 | probe up sent=48209 drop=12029 wblock=2 lag=1
ingest 20011/s total=80255 | probe up sent=68225 drop=12029 wblock=2 lag=2
ingest 20013/s total=100268 | probe up sent=88238 drop=12029 wblock=2 lag=1
ingest 20016/s total=120284 | probe up sent=108253 drop=12029 wblock=2 lag=0
ingest 20022/s total=140306 | probe up sent=128276 drop=12029 wblock=2 lag=0
ingest 20137/s total=160443 | probe up sent=148293 drop=12029 wblock=2 lag=2
ingest 19998/s total=180441 | probe up sent=168412 drop=12029 wblock=2 lag=0
ingest 20039/s total=200480 | probe up sent=188405 drop=12029 wblock=2 lag=0
ingest 19978/s total=220458 | probe up sent=208429 drop=12029 wblock=2 lag=0
ingest 20055/s total=240513 | probe up sent=228468 drop=12029 wblock=2 lag=12
ingest 20013/s total=260526 | probe -- sent=248271 drop=12029 wblock=2 lag=226
ingest 20012/s total=280538 | probe -- sent=248271 drop=12029 wblock=2 lag=20238

shutting down

topology ring
source   synth0     frames=280542 kernel_drops=0 read_errors=0
ingest   frames=280542 batches=216538 threads=1 claim_retries=0
consumer probe      sent=248271 bytes=10556088 batches=39078 dropped=12029 would_block=2 partial=2 connects=1 disconnects=1 gaps_sent=0 frames_lost=0 lingered=38943
