consumer probe      listening on port 9900
topology ring, 1 source(s), capacity 8192, batch 256, linger 0us
  source synth0
ingest 200464/s total=200464 | probe up sent=0 drop=192720 wblock=0 lag=7957
ingest 200630/s total=401094 | probe up sent=38748 drop=307112 wblock=18 lag=54986
ingest 200150/s total=601244 | probe up sent=81419 drop=478004 wblock=40 lag=41570
ingest 200154/s total=801398 | probe up sent=122750 drop=678648 wblock=60 lag=19
ingest 200182/s total=1001580 | probe up sent=153293 drop=820799 wblock=79 lag=27249
ingest 200169/s total=1201749 | probe up sent=198412 drop=1001584 wblock=101 lag=1770
ingest 200163/s total=1401912 | probe up sent=224852 drop=1169149 wblock=117 lag=7673
ingest 200165/s total=1602077 | probe up sent=251672 drop=1339877 wblock=134 lag=10289
ingest 200171/s total=1802248 | probe up sent=294075 drop=1461138 wblock=154 lag=47047
ingest 200174/s total=2002422 | probe up sent=320540 drop=1640164 wblock=171 lag=41496
ingest 200176/s total=2202598 | probe -- sent=365780 drop=1827512 wblock=193 lag=9319
ingest 200146/s total=2402744 | probe -- sent=365780 drop=1827512 wblock=193 lag=209463

shutting down

topology ring
source   synth0     frames=2402773 kernel_drops=0 read_errors=0
ingest   frames=2402773 batches=1166507 threads=1 claim_retries=0
consumer probe      sent=365780 bytes=15086712 batches=28358 dropped=1827512 would_block=193 partial=119 connects=1 disconnects=1 gaps_sent=43 frames_lost=1634792 lingered=0
