consumer probe      listening on port 9901
topology ring, 1 source(s), capacity 8192, batch 256, linger 100us
  source synth0
ingest 20057/s total=20057 | probe -- sent=0 drop=0 wblock=0 lag=20059
ingest 20018/s total=40075 | probe up sent=27638 drop=12435 wblock=1 lag=1
ingest 20016/s total=60091 | probe up sent=47655 drop=12435 wblock=1 lag=0
ingest 20019/s total=80110 | probe up sent=67674 drop=12435 wblock=1 lag=0
ingest 20018/s total=100128 | probe up sent=87691 drop=12435 wblock=1 lag=3
ingest 20017/s total=120145 | probe up sent=107709 drop=12435 wblock=1 lag=3
ingest 20018/s total=140163 | probe up sent=127727 drop=12435 wblock=1 lag=1
ingest 20017/s total=160180 | probe up sent=147744 drop=12435 wblock=1 lag=0
ingest 20017/s total=180197 | probe up sent=167764 drop=12435 wblock=1 lag=1
ingest 20019/s total=200216 | probe up sent=187780 drop=12435 wblock=1 lag=0
ingest 20018/s total=220234 | probe up sent=207800 drop=12435 wblock=1 lag=0
ingest 20018/s total=240252 | probe up sent=227815 drop=12435 wblock=1 lag=0
ingest 20018/s total=260270 | probe up sent=247837 drop=12435 wblock=1 lag=0
ingest 20020/s total=280290 | probe up sent=267857 drop=12435 wblock=1 lag=0
ingest 20018/s total=300308 | probe up sent=287872 drop=12435 wblock=1 lag=0
ingest 20018/s total=320326 | probe up sent=307890 drop=12435 wblock=1 lag=0
ingest 20018/s total=340344 | probe up sent=327908 drop=12435 wblock=1 lag=1
ingest 20015/s total=360359 | probe up sent=347924 drop=12435 wblock=1 lag=3
ingest 20018/s total=380377 | probe up sent=367943 drop=12435 wblock=1 lag=0
ingest 20016/s total=400393 | probe up sent=387959 drop=12435 wblock=1 lag=0
ingest 20019/s total=420412 | probe up sent=407977 drop=12435 wblock=1 lag=0
ingest 20017/s total=440429 | probe up sent=427993 drop=12435 wblock=1 lag=0
ingest 20016/s total=460445 | probe up sent=448007 drop=12435 wblock=1 lag=3
ingest 20018/s total=480463 | probe up sent=468028 drop=12435 wblock=1 lag=0
ingest 20016/s total=500479 | probe up sent=488045 drop=12435 wblock=1 lag=0
ingest 20017/s total=520496 | probe up sent=508059 drop=12435 wblock=1 lag=0
ingest 20016/s total=540512 | probe up sent=528075 drop=12435 wblock=1 lag=1
ingest 20017/s total=560529 | probe up sent=548094 drop=12435 wblock=1 lag=1
ingest 20018/s total=580547 | probe up sent=568111 drop=12435 wblock=1 lag=1
ingest 20018/s total=600565 | probe up sent=588129 drop=12435 wblock=1 lag=2
ingest 20017/s total=620582 | probe up sent=608148 drop=12435 wblock=1 lag=1
ingest 20021/s total=640603 | probe up sent=628166 drop=12435 wblock=1 lag=1
ingest 20017/s total=660620 | probe up sent=648184 drop=12435 wblock=1 lag=0
ingest 20017/s total=680637 | probe up sent=668202 drop=12435 wblock=1 lag=0
ingest 20017/s total=700654 | probe up sent=688219 drop=12435 wblock=1 lag=1
ingest 20020/s total=720674 | probe up sent=708239 drop=12435 wblock=1 lag=0
ingest 20019/s total=740693 | probe up sent=728255 drop=12435 wblock=1 lag=1
ingest 20017/s total=760710 | probe up sent=748273 drop=12435 wblock=1 lag=0
ingest 20018/s total=780728 | probe up sent=768290 drop=12435 wblock=1 lag=1
ingest 20016/s total=800744 | probe up sent=788307 drop=12435 wblock=1 lag=1
ingest 20018/s total=820762 | probe up sent=808327 drop=12435 wblock=1 lag=0
ingest 20017/s total=840779 | probe up sent=828341 drop=12435 wblock=1 lag=1
ingest 20017/s total=860796 | probe up sent=848361 drop=12435 wblock=1 lag=0
ingest 20018/s total=880814 | probe up sent=868379 drop=12435 wblock=1 lag=0
ingest 20017/s total=900831 | probe up sent=888395 drop=12435 wblock=1 lag=0
ingest 20019/s total=920850 | probe -- sent=907598 drop=12435 wblock=1 lag=819
ingest 20020/s total=940870 | probe -- sent=907598 drop=12435 wblock=1 lag=20839

shutting down

topology ring
source   synth0     frames=940874 kernel_drops=0 read_errors=0
ingest   frames=940874 batches=939635 threads=1 claim_retries=0
consumer probe      sent=907598 bytes=41042160 batches=296140 dropped=12435 would_block=1 partial=1 connects=1 disconnects=1 gaps_sent=0 frames_lost=0 lingered=296106
