consumer probe      listening on port 9900
topology ring, 1 source(s), capacity 8192, batch 256, linger 0us
  source synth0
ingest 5011/s total=5011 | probe -- sent=0 drop=0 wblock=0 lag=5011
ingest 5004/s total=10015 | probe up sent=9924 drop=0 wblock=20 lag=90
ingest 5004/s total=15019 | probe up sent=15019 drop=0 wblock=41 lag=0
ingest 5004/s total=20023 | probe up sent=19985 drop=0 wblock=64 lag=37
ingest 5003/s total=25026 | probe up sent=25026 drop=0 wblock=86 lag=1
ingest 5005/s total=30031 | probe up sent=30030 drop=0 wblock=105 lag=0
ingest 5003/s total=35034 | probe up sent=35034 drop=0 wblock=125 lag=0
ingest 5004/s total=40038 | probe up sent=39985 drop=0 wblock=145 lag=52
ingest 5003/s total=45041 | probe up sent=45041 drop=0 wblock=163 lag=1
ingest 5005/s total=50046 | probe up sent=50046 drop=0 wblock=182 lag=0
ingest 5003/s total=55049 | probe -- sent=55029 drop=0 wblock=202 lag=14
ingest 5004/s total=60053 | probe -- sent=55029 drop=0 wblock=202 lag=5018

shutting down

topology ring
source   synth0     frames=60054 kernel_drops=0 read_errors=0
ingest   frames=60054 batches=60043 threads=1 claim_retries=0
consumer probe      sent=55029 bytes=2700952 batches=31237 dropped=0 would_block=202 partial=0 connects=1 disconnects=1 gaps_sent=0 frames_lost=0 lingered=0
