consumer probe      listening on port 9900
topology ring, 1 source(s), capacity 8192, batch 256, linger 0us
  source synth0
ingest 2004/s total=2004 | probe up sent=2004 drop=0 wblock=0 lag=0
ingest 2002/s total=4006 | probe up sent=4006 drop=0 wblock=0 lag=0
ingest 2001/s total=6007 | probe up sent=6007 drop=0 wblock=0 lag=0
ingest 2001/s total=8008 | probe up sent=8008 drop=0 wblock=0 lag=1
ingest 2002/s total=10010 | probe up sent=10010 drop=0 wblock=0 lag=0
ingest 2001/s total=12011 | probe up sent=12011 drop=0 wblock=0 lag=0
ingest 2002/s total=14013 | probe up sent=14013 drop=0 wblock=0 lag=0
ingest 2001/s total=16014 | probe up sent=16014 drop=0 wblock=0 lag=0
ingest 2002/s total=18016 | probe up sent=18016 drop=0 wblock=0 lag=0
ingest 2001/s total=20017 | probe up sent=20017 drop=0 wblock=0 lag=0
ingest 2002/s total=22019 | probe -- sent=21986 drop=0 wblock=0 lag=33
ingest 2001/s total=24020 | probe -- sent=21986 drop=0 wblock=0 lag=2034

shutting down

topology ring
source   synth0     frames=24020 kernel_drops=0 read_errors=0
ingest   frames=24020 batches=24018 threads=1 claim_retries=0
consumer probe      sent=21986 bytes=1199552 batches=20007 dropped=0 would_block=0 partial=0 connects=1 disconnects=1 gaps_sent=0 frames_lost=0 lingered=0
