consumer probe      listening on port 9900
topology ring, 1 source(s), capacity 8192, batch 256, linger 0us
  source synth0
ingest 20043/s total=20043 | probe -- sent=0 drop=0 wblock=0 lag=20044
ingest 20020/s total=40063 | probe up sent=28171 drop=11893 wblock=0 lag=0
ingest 20012/s total=60075 | probe up sent=48182 drop=11893 wblock=0 lag=0
ingest 20014/s total=80089 | probe up sent=68196 drop=11893 wblock=0 lag=2
ingest 20016/s total=100105 | probe up sent=88212 drop=11893 wblock=0 lag=2
ingest 20015/s total=120120 | probe up sent=108227 drop=11893 wblock=0 lag=2
ingest 20015/s total=140135 | probe up sent=128242 drop=11893 wblock=0 lag=2
ingest 20016/s total=160151 | probe up sent=148258 drop=11893 wblock=0 lag=3
ingest 20013/s total=180164 | probe up sent=168271 drop=11893 wblock=0 lag=3
ingest 20013/s total=200177 | probe up sent=188284 drop=11893 wblock=0 lag=5
ingest 20016/s total=220193 | probe -- sent=208184 drop=11893 wblock=0 lag=118
ingest 20017/s total=240210 | probe -- sent=208184 drop=11893 wblock=0 lag=20134

shutting down

topology ring
source   synth0     frames=240214 kernel_drops=0 read_errors=0
ingest   frames=240214 batches=239393 threads=1 claim_retries=0
consumer probe      sent=208184 bytes=11484720 batches=197335 dropped=11893 would_block=0 partial=0 connects=1 disconnects=1 gaps_sent=0 frames_lost=0 lingered=0
