connected to 127.0.0.1:9900
28184/s total=28184 lost=0 gw_p50=0ns
20001/s total=48185 lost=0 gw_p50=70520ns
20001/s total=68186 lost=0 gw_p50=61770ns
20000/s total=88186 lost=0 gw_p50=61562ns
20001/s total=108187 lost=0 gw_p50=61510ns
20001/s total=128188 lost=0 gw_p50=61458ns
20001/s total=148189 lost=0 gw_p50=61458ns
20000/s total=168189 lost=0 gw_p50=61406ns
20001/s total=188190 lost=0 gw_p50=61406ns

frames        208183 in 10.000s = 20818.1/s
batches       197334 (mean 1.1 frames/batch)
markers       0  (0 frames, gateway-reported)
absent        0  (0 frames passed while disconnected)
silent jumps  0  (0 frames, no marker: a protocol fault)
connections   1
protocol_errs 0
warmup        48182 samples discarded (first 2s)

latency, nanoseconds (valid only within one CLOCK_MONOTONIC domain):
gateway  n=160001 (retained 160001, stride 1)
         min 35729  p50 61406  p90 64636  p99 428384  p99.9 12644893  max 17741590  mean 122964
