consumer probe      listening on port 9900
topology ring, 1 source(s), capacity 8192, batch 256, linger 0us
  source synth0
ingest 5014/s total=5014 | probe -- sent=0 drop=0 wblock=0 lag=5015
ingest 5005/s total=10019 | probe up sent=10019 drop=0 wblock=19 lag=1
ingest 5004/s total=15023 | probe up sent=15024 drop=0 wblock=38 lag=0
ingest 5005/s total=20028 | probe up sent=20028 drop=0 wblock=58 lag=0
ingest 5004/s total=25032 | probe up sent=25032 drop=0 wblock=77 lag=0
ingest 5005/s total=30037 | probe up sent=30038 drop=0 wblock=95 lag=0
ingest 5005/s total=35042 | probe up sent=35020 drop=0 wblock=114 lag=22
ingest 5005/s total=40047 | probe up sent=40020 drop=0 wblock=134 lag=26
ingest 5004/s total=45051 | probe up sent=45052 drop=0 wblock=151 lag=0
ingest 5005/s total=50056 | probe up sent=50057 drop=0 wblock=163 lag=0
ingest 5005/s total=55061 | probe up sent=55061 drop=0 wblock=184 lag=0
ingest 5005/s total=60066 | probe up sent=60066 drop=0 wblock=199 lag=0
ingest 5004/s total=65070 | probe -- sent=65057 drop=0 wblock=213 lag=11
ingest 5005/s total=70075 | probe -- sent=65057 drop=0 wblock=213 lag=5015

shutting down

topology ring
source   synth0     frames=70076 kernel_drops=0 read_errors=0
ingest   frames=70076 batches=70035 threads=1 claim_retries=0
consumer probe      sent=65057 bytes=3240728 batches=39903 dropped=0 would_block=213 partial=0 connects=1 disconnects=1 gaps_sent=0 frames_lost=0 lingered=0
