connected to 127.0.0.1:9900
28185/s total=28185 lost=0 gw_p50=0ns
20001/s total=48186 lost=0 gw_p50=0ns
20002/s total=68188 lost=0 gw_p50=122760ns
20001/s total=88189 lost=0 gw_p50=123802ns
20001/s total=108190 lost=0 gw_p50=123905ns
20003/s total=128193 lost=0 gw_p50=123906ns
20002/s total=148195 lost=0 gw_p50=123958ns
20001/s total=168196 lost=0 gw_p50=123958ns
20002/s total=188198 lost=0 gw_p50=123958ns
20003/s total=208201 lost=0 gw_p50=124010ns
20003/s total=228204 lost=0 gw_p50=124010ns

frames        248183 in 12.000s = 20681.7/s
batches       74178 (mean 3.3 frames/batch)
markers       0  (0 frames, gateway-reported)
absent        0  (0 frames passed while disconnected)
silent jumps  0  (0 frames, no marker: a protocol fault)
connections   1
protocol_errs 0
warmup        68179 samples discarded (first 3s)

latency, nanoseconds (CLOCK_MONOTONIC, valid only within one machine):
gateway  n=180004 (retained 180004, stride 1)
         min 61197  p50 124062  p90 177343  p99 2427228  p99.9 18212209  max 24401713  mean 233879
