consumer probe      listening on port 9900
topology queue, 1 source(s), capacity 8192, batch 256, linger 0us
  source synth0
ingest 2005/s total=2005 | probe -- sent=0 drop=0 wblock=0 lag=2005
ingest 2002/s total=4007 | probe up sent=4007 drop=0 wblock=0 lag=0
ingest 2002/s total=6009 | probe up sent=6009 drop=0 wblock=0 lag=0
ingest 2002/s total=8011 | probe up sent=8011 drop=0 wblock=0 lag=0
ingest 2002/s total=10013 | probe up sent=10013 drop=0 wblock=0 lag=0
ingest 2001/s total=12014 | probe up sent=12015 drop=0 wblock=0 lag=0
ingest 2002/s total=14016 | probe up sent=14016 drop=0 wblock=0 lag=1
ingest 2002/s total=16018 | probe up sent=16018 drop=0 wblock=0 lag=0
ingest 2002/s total=18020 | probe up sent=18020 drop=0 wblock=0 lag=0
ingest 2002/s total=20022 | probe up sent=20022 drop=0 wblock=0 lag=0
ingest 2002/s total=22024 | probe up sent=22024 drop=0 wblock=0 lag=0
ingest 2002/s total=24026 | probe up sent=24026 drop=0 wblock=0 lag=0
ingest 2002/s total=26028 | probe -- sent=26008 drop=0 wblock=0 lag=20
ingest 2002/s total=28030 | probe -- sent=26008 drop=0 wblock=0 lag=2022

shutting down

topology queue
source   synth0     frames=28030 kernel_drops=0 read_errors=0
ingest   frames=28030 batches=28028 threads=1
consumer probe      sent=26008 bytes=1423568 batches=23953 dropped=0 would_block=0 partial=0 connects=1 disconnects=1 gaps_sent=0 frames_lost=0 lingered=0
