consumer probe      listening on port 9901
topology ring, 1 source(s), capacity 8192, batch 256, linger 100us
  source synth0
ingest 20057/s total=20057 | probe -- sent=0 drop=0 wblock=0 lag=20060
ingest 20020/s total=40077 | probe up sent=27666 drop=12412 wblock=0 lag=0
ingest 20017/s total=60094 | probe up sent=47681 drop=12412 wblock=0 lag=0
ingest 20018/s total=80112 | probe up sent=67699 drop=12412 wblock=0 lag=0
ingest 20019/s total=100131 | probe up sent=87722 drop=12412 wblock=0 lag=0
ingest 20021/s total=120152 | probe up sent=107741 drop=12412 wblock=0 lag=0
ingest 20019/s total=140171 | probe up sent=127758 drop=12412 wblock=0 lag=0
ingest 20019/s total=160190 | probe up sent=147778 drop=12412 wblock=0 lag=1
ingest 20019/s total=180209 | probe up sent=167797 drop=12412 wblock=0 lag=0
ingest 20019/s total=200228 | probe up sent=187815 drop=12412 wblock=0 lag=1
ingest 20018/s total=220246 | probe up sent=207835 drop=12412 wblock=0 lag=0
ingest 20017/s total=240263 | probe up sent=227850 drop=12412 wblock=0 lag=0
ingest 20020/s total=260283 | probe up sent=247877 drop=12412 wblock=0 lag=0
ingest 20025/s total=280308 | probe up sent=267895 drop=12412 wblock=0 lag=0
ingest 20016/s total=300324 | probe up sent=287911 drop=12412 wblock=0 lag=2
ingest 20019/s total=320343 | probe up sent=307930 drop=12412 wblock=0 lag=0
ingest 20017/s total=340360 | probe up sent=327949 drop=12412 wblock=0 lag=0
ingest 20020/s total=360380 | probe up sent=347969 drop=12412 wblock=0 lag=0
ingest 20015/s total=380395 | probe up sent=367982 drop=12412 wblock=0 lag=3
ingest 20017/s total=400412 | probe up sent=387998 drop=12412 wblock=0 lag=0
ingest 20016/s total=420428 | probe up sent=408015 drop=12412 wblock=0 lag=0
ingest 20018/s total=440446 | probe up sent=428031 drop=12412 wblock=0 lag=1
ingest 20018/s total=460464 | probe up sent=448052 drop=12412 wblock=0 lag=0
ingest 20018/s total=480482 | probe up sent=468068 drop=12412 wblock=0 lag=0
ingest 20018/s total=500500 | probe up sent=488087 drop=12412 wblock=0 lag=1
ingest 20019/s total=520519 | probe up sent=508108 drop=12412 wblock=0 lag=0
ingest 20036/s total=540555 | probe up sent=528142 drop=12412 wblock=0 lag=0
ingest 20016/s total=560571 | probe up sent=548158 drop=12412 wblock=0 lag=1
ingest 20024/s total=580595 | probe up sent=568184 drop=12412 wblock=0 lag=0
ingest 20018/s total=600613 | probe up sent=588203 drop=12412 wblock=0 lag=1
ingest 20023/s total=620636 | probe up sent=608221 drop=12412 wblock=0 lag=2
ingest 20020/s total=640656 | probe up sent=628242 drop=12412 wblock=0 lag=1
ingest 20017/s total=660673 | probe up sent=648260 drop=12412 wblock=0 lag=0
ingest 20019/s total=680692 | probe up sent=668278 drop=12412 wblock=0 lag=2
ingest 20018/s total=700710 | probe up sent=688298 drop=12412 wblock=0 lag=1
ingest 20019/s total=720729 | probe up sent=708314 drop=12412 wblock=0 lag=1
ingest 20018/s total=740747 | probe up sent=728334 drop=12412 wblock=0 lag=0
ingest 20016/s total=760763 | probe up sent=748350 drop=12412 wblock=0 lag=3
ingest 20019/s total=780782 | probe up sent=768368 drop=12412 wblock=0 lag=3
ingest 20018/s total=800800 | probe up sent=788388 drop=12412 wblock=0 lag=0
ingest 20018/s total=820818 | probe up sent=808405 drop=12412 wblock=0 lag=2
ingest 20018/s total=840836 | probe up sent=828424 drop=12412 wblock=0 lag=1
ingest 20018/s total=860854 | probe up sent=848440 drop=12412 wblock=0 lag=1
ingest 20017/s total=880871 | probe up sent=868459 drop=12412 wblock=0 lag=1
ingest 20018/s total=900889 | probe up sent=888475 drop=12412 wblock=0 lag=2
ingest 20018/s total=920907 | probe -- sent=907633 drop=12412 wblock=0 lag=866
ingest 20020/s total=940927 | probe -- sent=907633 drop=12412 wblock=0 lag=20884

shutting down

topology ring
source   synth0     frames=940931 kernel_drops=0 read_errors=0
ingest   frames=940931 batches=936897 threads=1 claim_retries=0
consumer probe      sent=907633 bytes=40999064 batches=293359 dropped=12412 would_block=0 partial=0 connects=1 disconnects=1 gaps_sent=0 frames_lost=0 lingered=293321
