consumer probe      listening on port 9900
topology ring, 1 source(s), capacity 8192, batch 256, linger 100us
  source synth0
ingest 20047/s total=20047 | probe -- sent=0 drop=0 wblock=0 lag=20049
ingest 20019/s total=40066 | probe up sent=28166 drop=11898 wblock=0 lag=1
ingest 20019/s total=60085 | probe up sent=48185 drop=11898 wblock=0 lag=2
ingest 20018/s total=80103 | probe up sent=68291 drop=11898 wblock=0 lag=1
ingest 20103/s total=100206 | probe up sent=88306 drop=11898 wblock=0 lag=0
ingest 20014/s total=120220 | probe up sent=108319 drop=11898 wblock=0 lag=0
ingest 20017/s total=140237 | probe up sent=128337 drop=11898 wblock=0 lag=3
ingest 20017/s total=160254 | probe up sent=148354 drop=11898 wblock=0 lag=0
ingest 20018/s total=180272 | probe up sent=168372 drop=11898 wblock=0 lag=3
ingest 20021/s total=200293 | probe up sent=188394 drop=11898 wblock=0 lag=2
ingest 20017/s total=220310 | probe up sent=208414 drop=11898 wblock=0 lag=2
ingest 20019/s total=240329 | probe up sent=228433 drop=11898 wblock=0 lag=0
ingest 20020/s total=260349 | probe -- sent=248185 drop=11898 wblock=0 lag=268
ingest 20015/s total=280364 | probe -- sent=248185 drop=11898 wblock=0 lag=20283

shutting down

topology ring
source   synth0     frames=280367 kernel_drops=0 read_errors=0
ingest   frames=280367 batches=280248 threads=1 claim_retries=0
consumer probe      sent=248185 bytes=10967112 batches=64982 dropped=11898 would_block=0 partial=0 connects=1 disconnects=1 gaps_sent=0 frames_lost=0 lingered=64950
