consumer probe      listening on port 9901
topology ring, 1 source(s), capacity 8192, batch 256, linger 100us
  source synth0
ingest 20055/s total=20055 | probe -- sent=0 drop=0 wblock=0 lag=20058
ingest 20018/s total=40073 | probe up sent=27656 drop=12415 wblock=0 lag=0
ingest 20017/s total=60090 | probe up sent=47675 drop=12415 wblock=0 lag=0
ingest 20016/s total=80106 | probe up sent=67690 drop=12415 wblock=0 lag=1
ingest 20017/s total=100123 | probe up sent=87707 drop=12415 wblock=0 lag=0
ingest 20019/s total=120142 | probe up sent=107726 drop=12415 wblock=0 lag=1
ingest 20017/s total=140159 | probe up sent=127745 drop=12415 wblock=0 lag=0
ingest 20017/s total=160176 | probe up sent=147758 drop=12415 wblock=0 lag=2
ingest 20016/s total=180192 | probe up sent=167777 drop=12415 wblock=0 lag=1
ingest 20017/s total=200209 | probe up sent=187795 drop=12415 wblock=0 lag=0
ingest 20018/s total=220227 | probe up sent=207812 drop=12415 wblock=0 lag=0
ingest 20015/s total=240242 | probe up sent=227826 drop=12415 wblock=0 lag=0
ingest 20017/s total=260259 | probe up sent=247843 drop=12415 wblock=0 lag=0
ingest 20019/s total=280278 | probe up sent=267863 drop=12415 wblock=0 lag=1
ingest 20019/s total=300297 | probe up sent=287881 drop=12415 wblock=0 lag=3
ingest 20018/s total=320315 | probe up sent=307899 drop=12415 wblock=0 lag=0
ingest 20017/s total=340332 | probe up sent=327917 drop=12415 wblock=0 lag=1
ingest 20017/s total=360349 | probe up sent=347930 drop=12415 wblock=0 lag=3
ingest 20016/s total=380365 | probe up sent=367950 drop=12415 wblock=0 lag=1
ingest 20018/s total=400383 | probe up sent=387967 drop=12415 wblock=0 lag=0
ingest 20017/s total=420400 | probe up sent=407985 drop=12415 wblock=0 lag=0
ingest 20018/s total=440418 | probe up sent=428001 drop=12415 wblock=0 lag=0
ingest 20017/s total=460435 | probe up sent=448021 drop=12415 wblock=0 lag=0
ingest 20020/s total=480455 | probe up sent=468041 drop=12415 wblock=0 lag=1
ingest 20018/s total=500473 | probe up sent=488059 drop=12415 wblock=0 lag=0
ingest 20018/s total=520491 | probe up sent=508074 drop=12415 wblock=0 lag=1
ingest 20017/s total=540508 | probe up sent=528093 drop=12415 wblock=0 lag=1
ingest 20016/s total=560524 | probe up sent=548108 drop=12415 wblock=0 lag=2
ingest 20017/s total=580541 | probe up sent=568126 drop=12415 wblock=0 lag=0
ingest 20018/s total=600559 | probe up sent=588143 drop=12415 wblock=0 lag=0
ingest 20018/s total=620577 | probe up sent=608161 drop=12415 wblock=0 lag=1
ingest 20017/s total=640594 | probe up sent=628178 drop=12415 wblock=0 lag=1
ingest 20019/s total=660613 | probe up sent=648199 drop=12415 wblock=0 lag=0
ingest 20018/s total=680631 | probe up sent=668217 drop=12415 wblock=0 lag=1
ingest 20018/s total=700649 | probe up sent=688233 drop=12415 wblock=0 lag=1
ingest 20019/s total=720668 | probe up sent=708252 drop=12415 wblock=0 lag=0
ingest 20017/s total=740685 | probe up sent=728268 drop=12415 wblock=0 lag=0
ingest 20020/s total=760705 | probe up sent=748287 drop=12415 wblock=0 lag=1
ingest 20016/s total=780721 | probe up sent=768303 drop=12415 wblock=0 lag=2
ingest 20017/s total=800738 | probe up sent=788321 drop=12415 wblock=0 lag=0
ingest 20019/s total=820757 | probe up sent=808343 drop=12415 wblock=0 lag=0
ingest 20017/s total=840774 | probe up sent=828359 drop=12415 wblock=0 lag=1
ingest 20017/s total=860791 | probe up sent=848375 drop=12415 wblock=0 lag=1
ingest 20018/s total=880809 | probe up sent=868393 drop=12415 wblock=0 lag=1
ingest 20017/s total=900826 | probe up sent=888411 drop=12415 wblock=0 lag=0
ingest 20017/s total=920843 | probe -- sent=907624 drop=12415 wblock=0 lag=806
ingest 20017/s total=940860 | probe -- sent=907624 drop=12415 wblock=0 lag=20823

shutting down

topology ring
source   synth0     frames=940864 kernel_drops=0 read_errors=0
ingest   frames=940864 batches=938956 threads=1 claim_retries=0
consumer probe      sent=907624 bytes=41021632 batches=294792 dropped=12415 would_block=0 partial=0 connects=1 disconnects=1 gaps_sent=0 frames_lost=0 lingered=294747
