consumer probe      listening on port 9900
topology ring, 1 source(s), capacity 8192, batch 256, linger 0us
  source synth0
ingest 20060/s total=20060 | probe -- sent=0 drop=0 wblock=0 lag=20063
ingest 20020/s total=40080 | probe up sent=27658 drop=12422 wblock=0 lag=0
ingest 20018/s total=60098 | probe up sent=47677 drop=12422 wblock=0 lag=0
ingest 20015/s total=80113 | probe up sent=67691 drop=12422 wblock=0 lag=0
ingest 20015/s total=100128 | probe up sent=87705 drop=12422 wblock=0 lag=1
ingest 20016/s total=120144 | probe up sent=107723 drop=12422 wblock=0 lag=1
ingest 20019/s total=140163 | probe up sent=127740 drop=12422 wblock=0 lag=2
ingest 20017/s total=160180 | probe up sent=147758 drop=12422 wblock=0 lag=0
ingest 20018/s total=180198 | probe up sent=167775 drop=12422 wblock=0 lag=2
ingest 20016/s total=200214 | probe up sent=187794 drop=12422 wblock=0 lag=0
ingest 20019/s total=220233 | probe up sent=207811 drop=12422 wblock=0 lag=2
ingest 20017/s total=240250 | probe up sent=227831 drop=12422 wblock=0 lag=0
ingest 20014/s total=260264 | probe -- sent=247625 drop=12422 wblock=0 lag=216
ingest 20016/s total=280280 | probe -- sent=247625 drop=12422 wblock=0 lag=20234

shutting down

topology ring
source   synth0     frames=280283 kernel_drops=0 read_errors=0
ingest   frames=280283 batches=279323 threads=1 claim_retries=0
consumer probe      sent=247625 bytes=13591816 batches=230426 dropped=12422 would_block=0 partial=0 connects=1 disconnects=1 gaps_sent=0 frames_lost=0 lingered=0
