connected to 127.0.0.1:9901
28183/s total=28183 lost=0 gw_p50=0ns
20000/s total=48183 lost=0 gw_p50=0ns
20003/s total=68186 lost=0 gw_p50=132656ns
20003/s total=88189 lost=0 gw_p50=133021ns
20002/s total=108191 lost=0 gw_p50=134010ns
20001/s total=128192 lost=0 gw_p50=133645ns
20001/s total=148193 lost=0 gw_p50=133437ns
20001/s total=168194 lost=0 gw_p50=134635ns
20001/s total=188195 lost=0 gw_p50=131354ns
19999/s total=208194 lost=0 gw_p50=133749ns
20003/s total=228197 lost=0 gw_p50=133801ns
20003/s total=248200 lost=0 gw_p50=180208ns
20002/s total=268202 lost=0 gw_p50=133281ns
20002/s total=288204 lost=0 gw_p50=132864ns
20001/s total=308205 lost=0 gw_p50=132916ns
20002/s total=328207 lost=0 gw_p50=134166ns
20002/s total=348209 lost=0 gw_p50=135676ns
20000/s total=368209 lost=0 gw_p50=135885ns
20001/s total=388210 lost=0 gw_p50=132708ns
20002/s total=408212 lost=0 gw_p50=132448ns
20001/s total=428213 lost=0 gw_p50=132083ns
20000/s total=448213 lost=0 gw_p50=138333ns
20000/s total=468213 lost=0 gw_p50=132916ns
20002/s total=488215 lost=0 gw_p50=132812ns
20002/s total=508217 lost=0 gw_p50=132239ns
20003/s total=528220 lost=0 gw_p50=132291ns
20004/s total=548224 lost=0 gw_p50=134010ns
20003/s total=568227 lost=0 gw_p50=133124ns
20001/s total=588228 lost=0 gw_p50=133385ns
20002/s total=608230 lost=0 gw_p50=131927ns
20001/s total=628231 lost=0 gw_p50=132395ns
20002/s total=648233 lost=0 gw_p50=136354ns
20002/s total=668235 lost=0 gw_p50=134062ns
20002/s total=688237 lost=0 gw_p50=133229ns
20001/s total=708238 lost=0 gw_p50=133072ns
20002/s total=728240 lost=0 gw_p50=133437ns
20003/s total=748243 lost=0 gw_p50=132864ns
20002/s total=768245 lost=0 gw_p50=134271ns
20002/s total=788247 lost=0 gw_p50=133541ns
20005/s total=808252 lost=0 gw_p50=132447ns
20002/s total=828254 lost=0 gw_p50=132082ns
20000/s total=848254 lost=0 gw_p50=137968ns
20001/s total=868255 lost=0 gw_p50=132812ns
20002/s total=888257 lost=0 gw_p50=134375ns

frames        907635 in 44.973s = 20181.9/s
batches       293990 (mean 3.1 frames/batch)
markers       0  (0 frames, gateway-reported)
absent        0  (0 frames passed while disconnected)
silent jumps  0  (0 frames, no marker: a protocol fault)
connections   1
protocol_errs 0
warmup        68180 samples discarded (first 3s)

latency, nanoseconds (CLOCK_MONOTONIC, valid only within one machine):
gateway  n=839455 (retained 839455, stride 1)
         min 58281  p50 133332  p90 188280  p99 243540  p99.9 1074683  max 6442418  mean 140391
