consumer probe      listening on port 9900
topology ring, 1 source(s), capacity 8192, batch 256, linger 100us
  source synth0
ingest 20055/s total=20055 | probe -- sent=0 drop=0 wblock=0 lag=20058
ingest 20019/s total=40074 | probe up sent=27661 drop=12412 wblock=0 lag=0
ingest 20019/s total=60093 | probe up sent=47680 drop=12412 wblock=0 lag=1
ingest 20020/s total=80113 | probe up sent=67700 drop=12412 wblock=0 lag=2
ingest 20014/s total=100127 | probe up sent=87715 drop=12412 wblock=0 lag=0
ingest 20017/s total=120144 | probe up sent=107730 drop=12412 wblock=0 lag=1
ingest 20018/s total=140162 | probe up sent=127750 drop=12412 wblock=0 lag=0
ingest 20018/s total=160180 | probe up sent=147768 drop=12412 wblock=0 lag=0
ingest 20018/s total=180198 | probe up sent=167784 drop=12412 wblock=0 lag=1
ingest 20016/s total=200214 | probe up sent=187803 drop=12412 wblock=0 lag=0
ingest 20018/s total=220232 | probe up sent=207821 drop=12412 wblock=0 lag=0
ingest 20019/s total=240251 | probe up sent=227837 drop=12412 wblock=0 lag=0
ingest 20019/s total=260270 | probe -- sent=247631 drop=12412 wblock=0 lag=229
ingest 20017/s total=280287 | probe -- sent=247631 drop=12412 wblock=0 lag=20246

shutting down

topology ring
source   synth0     frames=280291 kernel_drops=0 read_errors=0
ingest   frames=280291 batches=279215 threads=1 claim_retries=0
consumer probe      sent=247631 bytes=11156424 batches=78199 dropped=12412 would_block=0 partial=0 connects=1 disconnects=1 gaps_sent=0 frames_lost=0 lingered=78163
