consumer probe      listening on port 9900
topology ring, 1 source(s), capacity 8192, batch 256, linger 100us
  source synth0
ingest 20057/s total=20057 | probe -- sent=0 drop=0 wblock=0 lag=20059
ingest 20019/s total=40076 | probe up sent=27649 drop=12426 wblock=0 lag=1
ingest 20018/s total=60094 | probe up sent=47667 drop=12426 wblock=0 lag=2
ingest 20017/s total=80111 | probe up sent=67684 drop=12426 wblock=0 lag=0
ingest 20018/s total=100129 | probe up sent=87703 drop=12426 wblock=0 lag=1
ingest 20016/s total=120145 | probe up sent=107719 drop=12426 wblock=0 lag=1
ingest 20018/s total=140163 | probe up sent=127736 drop=12426 wblock=0 lag=1
ingest 20018/s total=160181 | probe up sent=147753 drop=12426 wblock=0 lag=1
ingest 20019/s total=180200 | probe up sent=167773 drop=12426 wblock=0 lag=0
ingest 20019/s total=200219 | probe up sent=187791 drop=12426 wblock=0 lag=1
ingest 20017/s total=220236 | probe up sent=207808 drop=12426 wblock=0 lag=1
ingest 20018/s total=240254 | probe up sent=227827 drop=12426 wblock=0 lag=0
ingest 20020/s total=260274 | probe -- sent=247598 drop=12426 wblock=0 lag=252
ingest 20016/s total=280290 | probe -- sent=247598 drop=12426 wblock=0 lag=20268

shutting down

topology ring
source   synth0     frames=280294 kernel_drops=0 read_errors=0
ingest   frames=280294 batches=280053 threads=1 claim_retries=0
consumer probe      sent=247598 bytes=11165008 batches=78818 dropped=12426 would_block=0 partial=0 connects=1 disconnects=1 gaps_sent=0 frames_lost=0 lingered=78786
