connected to 127.0.0.1:9900
28183/s total=28183 lost=0 gw_p50=0ns
20002/s total=48185 lost=0 gw_p50=0ns
20000/s total=68185 lost=0 gw_p50=182708ns
20003/s total=88188 lost=0 gw_p50=132187ns
20000/s total=108188 lost=0 gw_p50=130833ns
20003/s total=128191 lost=0 gw_p50=132968ns
20002/s total=148193 lost=0 gw_p50=131927ns
20000/s total=168193 lost=0 gw_p50=133021ns
20001/s total=188194 lost=0 gw_p50=131301ns
20001/s total=208195 lost=0 gw_p50=133124ns
20002/s total=228197 lost=0 gw_p50=136509ns

frames        247595 in 11.971s = 20683.3/s
batches       78817 (mean 3.1 frames/batch)
markers       0  (0 frames, gateway-reported)
absent        0  (0 frames passed while disconnected)
silent jumps  0  (0 frames, no marker: a protocol fault)
connections   1
protocol_errs 0
warmup        68178 samples discarded (first 3s)

latency, nanoseconds (CLOCK_MONOTONIC, valid only within one machine):
gateway  n=179417 (retained 179417, stride 1)
         min 69843  p50 132760  p90 187500  p99 233853  p99.9 293384  max 846871  mean 136371
