consumer probe      listening on port 9900
topology ring, 1 source(s), capacity 8192, batch 256, linger 1000us
  source synth0
ingest 20046/s total=20046 | probe -- sent=0 drop=0 wblock=0 lag=20047
ingest 20016/s total=40062 | probe up sent=28163 drop=11893 wblock=0 lag=1
ingest 20017/s total=60079 | probe up sent=48183 drop=11893 wblock=0 lag=0
ingest 20014/s total=80093 | probe up sent=68191 drop=11893 wblock=0 lag=1
ingest 20016/s total=100109 | probe up sent=88206 drop=11893 wblock=0 lag=1
ingest 20016/s total=120125 | probe up sent=108221 drop=11893 wblock=0 lag=0
ingest 20016/s total=140141 | probe up sent=128234 drop=11893 wblock=0 lag=1
ingest 20016/s total=160157 | probe up sent=148249 drop=11893 wblock=0 lag=0
ingest 20017/s total=180174 | probe up sent=168271 drop=11893 wblock=0 lag=0
ingest 20016/s total=200190 | probe up sent=188286 drop=11893 wblock=0 lag=1
ingest 20017/s total=220207 | probe -- sent=208220 drop=11893 wblock=0 lag=96
ingest 20015/s total=240222 | probe -- sent=208220 drop=11893 wblock=0 lag=20110

shutting down

topology ring
source   synth0     frames=240225 kernel_drops=0 read_errors=0
ingest   frames=240225 batches=240131 threads=1 claim_retries=0
consumer probe      sent=208220 bytes=8475808 batches=9188 dropped=11893 would_block=0 partial=0 connects=1 disconnects=1 gaps_sent=0 frames_lost=0 lingered=9156
