consumer probe      listening on port 9900
topology ring, 1 source(s), capacity 8192, batch 256, linger 100us
  source synth0
ingest 20157/s total=20157 | probe -- sent=0 drop=0 wblock=0 lag=20157
ingest 20075/s total=40232 | probe up sent=26922 drop=13306 wblock=2 lag=0
ingest 20013/s total=60245 | probe up sent=46933 drop=13306 wblock=2 lag=0
ingest 20022/s total=80267 | probe up sent=66958 drop=13306 wblock=2 lag=0
ingest 20006/s total=100273 | probe up sent=86968 drop=13306 wblock=2 lag=0
ingest 20041/s total=120314 | probe up sent=107005 drop=13306 wblock=2 lag=0
ingest 20079/s total=140393 | probe up sent=127085 drop=13306 wblock=2 lag=0
ingest 20014/s total=160407 | probe up sent=147081 drop=13306 wblock=2 lag=15
ingest 19998/s total=180405 | probe up sent=167097 drop=13306 wblock=2 lag=0
ingest 19989/s total=200394 | probe up sent=187088 drop=13306 wblock=2 lag=0
ingest 19997/s total=220391 | probe up sent=207085 drop=13306 wblock=2 lag=0
ingest 20085/s total=240476 | probe up sent=227134 drop=13306 wblock=2 lag=33
ingest 20017/s total=260493 | probe -- sent=246841 drop=13306 wblock=2 lag=348
ingest 20012/s total=280505 | probe -- sent=246841 drop=13306 wblock=2 lag=20358

shutting down

topology ring
source   synth0     frames=280514 kernel_drops=0 read_errors=0
ingest   frames=280514 batches=194032 threads=1 claim_retries=0
consumer probe      sent=246841 bytes=10381656 batches=31751 dropped=13306 would_block=2 partial=2 connects=1 disconnects=1 gaps_sent=0 frames_lost=0 lingered=31543
