connected to 127.0.0.1:9901
28182/s total=28182 lost=0 gw_p50=0ns
20002/s total=48184 lost=0 gw_p50=0ns
20002/s total=68186 lost=0 gw_p50=142447ns
20003/s total=88189 lost=0 gw_p50=131094ns
20003/s total=108192 lost=0 gw_p50=131718ns
20000/s total=128192 lost=0 gw_p50=133125ns
20003/s total=148195 lost=0 gw_p50=131770ns
20003/s total=168198 lost=0 gw_p50=132448ns
20000/s total=188198 lost=0 gw_p50=131145ns
20002/s total=208200 lost=0 gw_p50=131458ns
20001/s total=228201 lost=0 gw_p50=133229ns
20001/s total=248202 lost=0 gw_p50=131145ns
20002/s total=268204 lost=0 gw_p50=132031ns
20002/s total=288206 lost=0 gw_p50=131875ns
20001/s total=308207 lost=0 gw_p50=131927ns
20001/s total=328208 lost=0 gw_p50=131458ns
20002/s total=348210 lost=0 gw_p50=130989ns
20004/s total=368214 lost=0 gw_p50=132187ns
20001/s total=388215 lost=0 gw_p50=132135ns
20002/s total=408217 lost=0 gw_p50=131822ns
20001/s total=428218 lost=0 gw_p50=133958ns
20001/s total=448219 lost=0 gw_p50=132447ns
20003/s total=468222 lost=0 gw_p50=131197ns
20002/s total=488224 lost=0 gw_p50=132239ns
20001/s total=508225 lost=0 gw_p50=131926ns
20003/s total=528228 lost=0 gw_p50=131510ns
20001/s total=548229 lost=0 gw_p50=132864ns
20002/s total=568231 lost=0 gw_p50=131770ns
20002/s total=588233 lost=0 gw_p50=131927ns
20001/s total=608234 lost=0 gw_p50=132239ns
20000/s total=628234 lost=0 gw_p50=131301ns
20001/s total=648235 lost=0 gw_p50=132083ns
20003/s total=668238 lost=0 gw_p50=132916ns
20000/s total=688238 lost=0 gw_p50=131510ns
20000/s total=708238 lost=0 gw_p50=132135ns
20002/s total=728240 lost=0 gw_p50=132812ns
20001/s total=748241 lost=0 gw_p50=131926ns
20001/s total=768242 lost=0 gw_p50=132760ns
20002/s total=788244 lost=0 gw_p50=130989ns
20001/s total=808245 lost=0 gw_p50=131874ns
20003/s total=828248 lost=0 gw_p50=131197ns
20003/s total=848251 lost=0 gw_p50=131041ns
20000/s total=868251 lost=0 gw_p50=133333ns
20003/s total=888254 lost=0 gw_p50=132916ns

frames        907635 in 44.973s = 20181.9/s
batches       296788 (mean 3.1 frames/batch)
markers       0  (0 frames, gateway-reported)
absent        0  (0 frames passed while disconnected)
silent jumps  0  (0 frames, no marker: a protocol fault)
connections   1
protocol_errs 0
warmup        68180 samples discarded (first 3s)

latency, nanoseconds (CLOCK_MONOTONIC, valid only within one machine):
gateway  n=839455 (retained 839455, stride 1)
         min 63072  p50 131979  p90 187395  p99 228541  p99.9 273540  max 2054469  mean 135712
