consumer probe      listening on port 9900
topology ring, 1 source(s), capacity 8192, batch 256, linger 100us
  source synth0
ingest 20039/s total=20039 | probe -- sent=0 drop=0 wblock=0 lag=20041
ingest 20010/s total=40049 | probe up sent=27651 drop=12397 wblock=0 lag=0
ingest 20009/s total=60058 | probe up sent=47662 drop=12397 wblock=0 lag=0
ingest 20009/s total=80067 | probe up sent=67671 drop=12397 wblock=0 lag=0
ingest 20008/s total=100075 | probe up sent=87678 drop=12397 wblock=0 lag=0
ingest 20008/s total=120083 | probe up sent=107685 drop=12397 wblock=0 lag=0
ingest 20010/s total=140093 | probe up sent=127695 drop=12397 wblock=0 lag=0
ingest 20009/s total=160102 | probe up sent=147704 drop=12397 wblock=0 lag=0
ingest 20008/s total=180110 | probe up sent=167711 drop=12397 wblock=0 lag=0
ingest 20007/s total=200117 | probe up sent=187719 drop=12397 wblock=0 lag=0
ingest 20008/s total=220125 | probe up sent=207728 drop=12397 wblock=0 lag=0
ingest 20009/s total=240134 | probe up sent=227738 drop=12397 wblock=0 lag=0
ingest 20007/s total=260141 | probe up sent=247743 drop=12397 wblock=0 lag=0
ingest 20006/s total=280147 | probe -- sent=248186 drop=12397 wblock=0 lag=19566

shutting down

topology ring
source   synth0     frames=280150 kernel_drops=0 read_errors=0
ingest   frames=280150 batches=280106 threads=1 claim_retries=0
consumer probe      sent=248186 bytes=11108480 batches=73815 dropped=12397 would_block=0 partial=0 connects=1 disconnects=1 gaps_sent=0 frames_lost=0 lingered=73783
