connected to 127.0.0.1:9900
28183/s total=28183 lost=0 gw_p50=0ns
20001/s total=48184 lost=0 gw_p50=0ns
20000/s total=68184 lost=0 gw_p50=124687ns
20004/s total=88188 lost=0 gw_p50=124219ns
20003/s total=108191 lost=0 gw_p50=124114ns
20002/s total=128193 lost=0 gw_p50=124114ns
20003/s total=148196 lost=0 gw_p50=124061ns
20000/s total=168196 lost=0 gw_p50=124010ns
20002/s total=188198 lost=0 gw_p50=124010ns
20002/s total=208200 lost=0 gw_p50=124062ns
20002/s total=228202 lost=0 gw_p50=124010ns

frames        248183 in 12.000s = 20681.7/s
batches       73814 (mean 3.4 frames/batch)
markers       0  (0 frames, gateway-reported)
absent        0  (0 frames passed while disconnected)
silent jumps  0  (0 frames, no marker: a protocol fault)
connections   1
protocol_errs 0
warmup        68181 samples discarded (first 3s)

latency, nanoseconds (CLOCK_MONOTONIC, valid only within one machine):
gateway  n=180002 (retained 180002, stride 1)
         min 66562  p50 124010  p90 177707  p99 2419156  p99.9 18168669  max 23853487  mean 233870
