connected to 127.0.0.1:9901
28182/s total=28182 lost=0 gw_p50=0ns
20001/s total=48183 lost=0 gw_p50=0ns
20003/s total=68186 lost=0 gw_p50=138176ns
20001/s total=88187 lost=0 gw_p50=132499ns
20000/s total=108187 lost=0 gw_p50=133125ns
20002/s total=128189 lost=0 gw_p50=131979ns
20002/s total=148191 lost=0 gw_p50=132760ns
20001/s total=168192 lost=0 gw_p50=132760ns
20002/s total=188194 lost=0 gw_p50=135208ns
20002/s total=208196 lost=0 gw_p50=132603ns
20002/s total=228198 lost=0 gw_p50=131301ns
20001/s total=248199 lost=0 gw_p50=137238ns
20003/s total=268202 lost=0 gw_p50=131666ns
20001/s total=288203 lost=0 gw_p50=136458ns
20002/s total=308205 lost=0 gw_p50=134530ns
20003/s total=328208 lost=0 gw_p50=135052ns
20001/s total=348209 lost=0 gw_p50=136770ns
20001/s total=368210 lost=0 gw_p50=133697ns
20002/s total=388212 lost=0 gw_p50=134895ns
20002/s total=408214 lost=0 gw_p50=136249ns
20001/s total=428215 lost=0 gw_p50=135573ns
20001/s total=448216 lost=0 gw_p50=133020ns
20000/s total=468216 lost=0 gw_p50=138385ns
20001/s total=488217 lost=0 gw_p50=132656ns
20002/s total=508219 lost=0 gw_p50=136562ns
20003/s total=528222 lost=0 gw_p50=135572ns
20002/s total=548224 lost=0 gw_p50=136405ns
20001/s total=568225 lost=0 gw_p50=135988ns
20001/s total=588226 lost=0 gw_p50=133020ns
20003/s total=608229 lost=0 gw_p50=132239ns
20001/s total=628230 lost=0 gw_p50=140312ns
19998/s total=648228 lost=0 gw_p50=132656ns
20004/s total=668232 lost=0 gw_p50=135260ns
20002/s total=688234 lost=0 gw_p50=134114ns
20001/s total=708235 lost=0 gw_p50=131979ns
20003/s total=728238 lost=0 gw_p50=133697ns
20002/s total=748240 lost=0 gw_p50=133073ns
20001/s total=768241 lost=0 gw_p50=132864ns
20002/s total=788243 lost=0 gw_p50=132604ns
20000/s total=808243 lost=0 gw_p50=132604ns
20001/s total=828244 lost=0 gw_p50=132916ns
20002/s total=848246 lost=0 gw_p50=134739ns
20000/s total=868246 lost=0 gw_p50=139791ns
20000/s total=888246 lost=0 gw_p50=134635ns

frames        907628 in 44.972s = 20181.9/s
batches       296394 (mean 3.1 frames/batch)
markers       0  (0 frames, gateway-reported)
absent        0  (0 frames passed while disconnected)
silent jumps  0  (0 frames, no marker: a protocol fault)
connections   1
protocol_errs 0
warmup        68180 samples discarded (first 3s)

latency, nanoseconds (CLOCK_MONOTONIC, valid only within one machine):
gateway  n=839448 (retained 839448, stride 1)
         min 58489  p50 133489  p90 187916  p99 233437  p99.9 289165  max 3710869  mean 136924
