consumer probe      listening on port 9900
topology ring, 1 source(s), capacity 8192, batch 256, linger 250us
  source synth0
ingest 20043/s total=20043 | probe -- sent=0 drop=0 wblock=0 lag=20084
ingest 20057/s total=40100 | probe up sent=28203 drop=11896 wblock=0 lag=0
ingest 20016/s total=60116 | probe up sent=48213 drop=11896 wblock=0 lag=1
ingest 20015/s total=80131 | probe up sent=68230 drop=11896 wblock=0 lag=2
ingest 20017/s total=100148 | probe up sent=88248 drop=11896 wblock=0 lag=3
ingest 20017/s total=120165 | probe up sent=108270 drop=11896 wblock=0 lag=1
ingest 20020/s total=140185 | probe up sent=128289 drop=11896 wblock=0 lag=0
ingest 20015/s total=160200 | probe up sent=148300 drop=11896 wblock=0 lag=0
ingest 20018/s total=180218 | probe up sent=168318 drop=11896 wblock=0 lag=2
ingest 20016/s total=200234 | probe up sent=188337 drop=11896 wblock=0 lag=4
ingest 20021/s total=220255 | probe -- sent=208186 drop=11896 wblock=0 lag=177
ingest 20018/s total=240273 | probe -- sent=208186 drop=11896 wblock=0 lag=20192

shutting down

topology ring
source   synth0     frames=240275 kernel_drops=0 read_errors=0
ingest   frames=240275 batches=240179 threads=1 claim_retries=0
consumer probe      sent=208186 bytes=8795808 batches=29273 dropped=11896 would_block=0 partial=0 connects=1 disconnects=1 gaps_sent=0 frames_lost=0 lingered=29240
