connected to 127.0.0.1:9900
28182/s total=28182 lost=0 gw_p50=0ns
20005/s total=48187 lost=0 gw_p50=213749ns
20001/s total=68188 lost=0 gw_p50=214009ns
20000/s total=88188 lost=0 gw_p50=214010ns
20007/s total=108195 lost=0 gw_p50=214010ns
20007/s total=128202 lost=0 gw_p50=214062ns
20002/s total=148204 lost=0 gw_p50=214113ns
20004/s total=168208 lost=0 gw_p50=214114ns
20006/s total=188214 lost=0 gw_p50=214165ns

frames        208180 in 10.000s = 20817.8/s
batches       29272 (mean 7.1 frames/batch)
markers       0  (0 frames, gateway-reported)
absent        0  (0 frames passed while disconnected)
silent jumps  0  (0 frames, no marker: a protocol fault)
connections   1
protocol_errs 0
warmup        48173 samples discarded (first 2s)

latency, nanoseconds (valid only within one CLOCK_MONOTONIC domain):
gateway  n=160007 (retained 160007, stride 1)
         min 61666  p50 214166  p90 363384  p99 400988  p99.9 13708951  max 19021480  mean 275272
