consumer probe      listening on port 9900
topology ring, 1 source(s), capacity 8192, batch 256, linger 100us
  source synth0
ingest 20044/s total=20044 | probe -- sent=0 drop=0 wblock=0 lag=20046
ingest 20017/s total=40061 | probe up sent=28167 drop=11892 wblock=0 lag=0
ingest 20017/s total=60078 | probe up sent=48185 drop=11892 wblock=0 lag=0
ingest 20015/s total=80093 | probe up sent=68199 drop=11892 wblock=0 lag=1
ingest 20014/s total=100107 | probe up sent=88214 drop=11892 wblock=0 lag=3
ingest 20017/s total=120124 | probe up sent=108233 drop=11892 wblock=0 lag=2
ingest 20017/s total=140141 | probe up sent=128246 drop=11892 wblock=0 lag=2
ingest 20016/s total=160157 | probe up sent=148262 drop=11892 wblock=0 lag=2
ingest 20016/s total=180173 | probe up sent=168279 drop=11892 wblock=0 lag=3
ingest 20017/s total=200190 | probe up sent=188297 drop=11892 wblock=0 lag=2
ingest 20018/s total=220208 | probe up sent=208317 drop=11892 wblock=0 lag=2
ingest 20018/s total=240226 | probe up sent=228334 drop=11892 wblock=0 lag=2
ingest 20017/s total=260243 | probe -- sent=248186 drop=11892 wblock=0 lag=167
ingest 20015/s total=280258 | probe -- sent=248186 drop=11892 wblock=0 lag=20182

shutting down

topology ring
source   synth0     frames=280261 kernel_drops=0 read_errors=0
ingest   frames=280261 batches=280142 threads=1 claim_retries=0
consumer probe      sent=248186 bytes=10920016 batches=62036 dropped=11892 would_block=0 partial=0 connects=1 disconnects=1 gaps_sent=0 frames_lost=0 lingered=62004
