connected to 127.0.0.1:9900
28183/s total=28183 lost=0 gw_p50=0ns
20002/s total=48185 lost=0 gw_p50=0ns
20002/s total=68187 lost=0 gw_p50=112499ns
20000/s total=88187 lost=0 gw_p50=117604ns
20001/s total=108188 lost=0 gw_p50=126510ns
20002/s total=128190 lost=0 gw_p50=122759ns
20002/s total=148192 lost=0 gw_p50=122187ns
20001/s total=168193 lost=0 gw_p50=121823ns
20002/s total=188195 lost=0 gw_p50=121718ns
20004/s total=208199 lost=0 gw_p50=125521ns
20003/s total=228202 lost=0 gw_p50=124948ns

frames        248183 in 12.000s = 20681.8/s
batches       62035 (mean 4.0 frames/batch)
markers       0  (0 frames, gateway-reported)
absent        0  (0 frames passed while disconnected)
silent jumps  0  (0 frames, no marker: a protocol fault)
connections   1
protocol_errs 0
warmup        68179 samples discarded (first 3s)

latency, nanoseconds (CLOCK_MONOTONIC, valid only within one machine):
gateway  n=180004 (retained 180004, stride 1)
         min 60937  p50 125103  p90 212968  p99 1152651  p99.9 15581492  max 21166779  mean 216045
