consumer probe      listening on port 9900
topology ring, 1 source(s), capacity 8192, batch 256, linger 100us
  source synth0
ingest 20114/s total=20114 | probe -- sent=0 drop=0 wblock=0 lag=20114
ingest 20031/s total=40145 | probe up sent=28174 drop=11969 wblock=2 lag=0
ingest 19991/s total=60136 | probe up sent=48167 drop=11969 wblock=2 lag=0
ingest 19975/s total=80111 | probe up sent=68142 drop=11969 wblock=2 lag=0
ingest 20102/s total=100213 | probe up sent=88203 drop=11969 wblock=2 lag=38
ingest 19986/s total=120199 | probe up sent=108207 drop=11969 wblock=2 lag=19
ingest 20050/s total=140249 | probe up sent=128276 drop=11969 wblock=2 lag=2
ingest 20017/s total=160266 | probe up sent=148250 drop=11969 wblock=2 lag=44
ingest 20093/s total=180359 | probe up sent=168313 drop=11969 wblock=2 lag=76
ingest 20017/s total=200376 | probe up sent=188391 drop=11969 wblock=2 lag=12
ingest 19989/s total=220365 | probe up sent=208396 drop=11969 wblock=2 lag=0
ingest 20047/s total=240412 | probe up sent=228440 drop=11969 wblock=2 lag=2
ingest 20018/s total=260430 | probe -- sent=248184 drop=11969 wblock=2 lag=278
ingest 20088/s total=280518 | probe -- sent=248184 drop=11969 wblock=2 lag=20367

shutting down

topology ring
source   synth0     frames=280522 kernel_drops=0 read_errors=0
ingest   frames=280522 batches=199491 threads=1 claim_retries=0
consumer probe      sent=248184 bytes=10383376 batches=28501 dropped=11969 would_block=2 partial=1 connects=1 disconnects=1 gaps_sent=0 frames_lost=0 lingered=28385
