consumer probe      listening on port 9900
topology ring, 1 source(s), capacity 8192, batch 256, linger 0us
  source synth0
ingest 25082/s total=25082 | probe -- sent=0 drop=0 wblock=0 lag=25085
ingest 25020/s total=50102 | probe up sent=16022 drop=17542 wblock=10 lag=16285
ingest 25021/s total=75123 | probe up sent=35137 drop=34111 wblock=23 lag=5621
ingest 25020/s total=100143 | probe up sent=51865 drop=48280 wblock=34 lag=0
ingest 25021/s total=125164 | probe up sent=57316 drop=60794 wblock=46 lag=6800
ingest 25021/s total=150185 | probe up sent=73875 drop=66897 wblock=58 lag=9159
ingest 25020/s total=175205 | probe up sent=90651 drop=81068 wblock=70 lag=3487
ingest 25017/s total=200222 | probe up sent=96028 drop=93505 wblock=82 lag=10436
ingest 25023/s total=225245 | probe up sent=112647 drop=99969 wblock=93 lag=12375
ingest 25019/s total=250264 | probe up sent=129476 drop=114143 wblock=105 lag=6647
ingest 25020/s total=275284 | probe up sent=144610 drop=130675 wblock=119 lag=1
ingest 25020/s total=300304 | probe up sent=151407 drop=132841 wblock=129 lag=15802
ingest 25019/s total=325323 | probe -- sent=168220 drop=147000 wblock=140 lag=10104
ingest 25021/s total=350344 | probe -- sent=168220 drop=147000 wblock=140 lag=35125

shutting down

topology ring
source   synth0     frames=350348 kernel_drops=0 read_errors=0
ingest   frames=350348 batches=350063 threads=1 claim_retries=0
consumer probe      sent=168220 bytes=7487296 batches=47346 dropped=147000 would_block=140 partial=49 connects=1 disconnects=1 gaps_sent=23 frames_lost=129458 lingered=0
