consumer probe      listening on port 9900
topology ring, 1 source(s), capacity 8192, batch 256, linger 100us
  source synth0
ingest 20042/s total=20042 | probe -- sent=0 drop=0 wblock=0 lag=20044
ingest 20009/s total=40051 | probe up sent=27409 drop=12643 wblock=0 lag=0
ingest 20008/s total=60059 | probe up sent=47417 drop=12643 wblock=0 lag=0
ingest 20010/s total=80069 | probe up sent=67425 drop=12643 wblock=0 lag=0
ingest 20008/s total=100077 | probe up sent=87433 drop=12643 wblock=0 lag=1
ingest 20008/s total=120085 | probe up sent=107442 drop=12643 wblock=0 lag=1
ingest 20008/s total=140093 | probe up sent=127449 drop=12643 wblock=0 lag=0
ingest 20008/s total=160101 | probe up sent=147459 drop=12643 wblock=0 lag=0
ingest 20010/s total=180111 | probe up sent=167467 drop=12643 wblock=0 lag=0
ingest 20007/s total=200118 | probe up sent=187475 drop=12643 wblock=0 lag=1
ingest 20009/s total=220127 | probe up sent=207485 drop=12643 wblock=0 lag=0
ingest 20008/s total=240135 | probe up sent=227491 drop=12643 wblock=0 lag=0
ingest 20007/s total=260142 | probe up sent=247499 drop=12643 wblock=0 lag=0
ingest 20007/s total=280149 | probe -- sent=247615 drop=12643 wblock=0 lag=19893

shutting down

topology ring
source   synth0     frames=280152 kernel_drops=0 read_errors=0
ingest   frames=280152 batches=280096 threads=1 claim_retries=0
consumer probe      sent=247615 bytes=11088888 batches=74018 dropped=12643 would_block=0 partial=0 connects=1 disconnects=1 gaps_sent=0 frames_lost=0 lingered=73986
