connected to 127.0.0.1:9900
28183/s total=28183 lost=0 gw_p50=0ns
20000/s total=48183 lost=0 gw_p50=0ns
20000/s total=68183 lost=0 gw_p50=123957ns
20002/s total=88185 lost=0 gw_p50=123958ns
20002/s total=108187 lost=0 gw_p50=124010ns
20000/s total=128187 lost=0 gw_p50=124166ns
20001/s total=148188 lost=0 gw_p50=124739ns
20002/s total=168190 lost=0 gw_p50=123749ns
20002/s total=188192 lost=0 gw_p50=124062ns
20000/s total=208192 lost=0 gw_p50=124010ns
20002/s total=228194 lost=0 gw_p50=124010ns

frames        247612 in 11.972s = 20683.2/s
batches       74017 (mean 3.3 frames/batch)
markers       0  (0 frames, gateway-reported)
absent        0  (0 frames passed while disconnected)
silent jumps  0  (0 frames, no marker: a protocol fault)
connections   1
protocol_errs 0
warmup        68180 samples discarded (first 3s)

latency, nanoseconds (CLOCK_MONOTONIC, valid only within one machine):
gateway  n=179432 (retained 179432, stride 1)
         min 62865  p50 124166  p90 177239  p99 226614  p99.9 240520  max 297239  mean 132116
