connected to 127.0.0.1:9900
28182/s total=28182 lost=0 gw_p50=0ns
20000/s total=48182 lost=0 gw_p50=0ns
20001/s total=68183 lost=0 gw_p50=66301ns
20001/s total=88184 lost=0 gw_p50=66406ns
20000/s total=108184 lost=0 gw_p50=67395ns
20000/s total=128184 lost=0 gw_p50=68906ns
20001/s total=148185 lost=0 gw_p50=72604ns
20000/s total=168185 lost=0 gw_p50=71197ns
20001/s total=188186 lost=0 gw_p50=71823ns
20000/s total=208186 lost=0 gw_p50=72812ns
20001/s total=228187 lost=0 gw_p50=72291ns

frames        247622 in 11.972s = 20683.2/s
batches       233873 (mean 1.1 frames/batch)
markers       0  (0 frames, gateway-reported)
absent        0  (0 frames passed while disconnected)
silent jumps  0  (0 frames, no marker: a protocol fault)
connections   1
protocol_errs 0
warmup        68181 samples discarded (first 3s)

latency, nanoseconds (CLOCK_MONOTONIC, valid only within one machine):
gateway  n=179441 (retained 179441, stride 1)
         min 36354  p50 70104  p90 78124  p99 119323  p99.9 150416  max 463331  mean 67885
