consumer probe      listening on port 9900
topology ring, 1 source(s), capacity 8192, batch 256, linger 100us
  source synth0
ingest 20037/s total=20037 | probe -- sent=0 drop=0 wblock=0 lag=20039
ingest 20007/s total=40044 | probe up sent=26816 drop=13227 wblock=0 lag=0
ingest 20009/s total=60053 | probe up sent=46826 drop=13227 wblock=0 lag=0
ingest 20008/s total=80061 | probe up sent=66832 drop=13227 wblock=0 lag=0
ingest 20007/s total=100068 | probe up sent=86840 drop=13227 wblock=0 lag=0
ingest 20009/s total=120077 | probe up sent=106851 drop=13227 wblock=0 lag=0
ingest 20008/s total=140085 | probe up sent=126857 drop=13227 wblock=0 lag=0
ingest 20008/s total=160093 | probe up sent=146866 drop=13227 wblock=0 lag=0
ingest 20007/s total=180100 | probe up sent=166872 drop=13227 wblock=0 lag=0
ingest 20007/s total=200107 | probe up sent=186879 drop=13227 wblock=0 lag=0
ingest 20008/s total=220115 | probe up sent=206885 drop=13227 wblock=0 lag=0
ingest 20008/s total=240123 | probe up sent=226895 drop=13227 wblock=1 lag=0
ingest 20009/s total=260132 | probe up sent=246905 drop=13227 wblock=2 lag=1
ingest 20007/s total=280139 | probe -- sent=248188 drop=13227 wblock=2 lag=18725

shutting down

topology ring
source   synth0     frames=280142 kernel_drops=0 read_errors=0
ingest   frames=280142 batches=280101 threads=1 claim_retries=0
consumer probe      sent=248188 bytes=11086464 batches=72434 dropped=13227 would_block=2 partial=0 connects=1 disconnects=1 gaps_sent=0 frames_lost=0 lingered=72402
