consumer probe      listening on port 9900
topology ring, 1 source(s), capacity 8192, batch 256, linger 100us
  source synth0
ingest 20044/s total=20044 | probe -- sent=0 drop=0 wblock=0 lag=20046
ingest 20016/s total=40060 | probe up sent=28170 drop=11888 wblock=0 lag=0
ingest 20015/s total=60075 | probe up sent=48186 drop=11888 wblock=0 lag=0
ingest 20017/s total=80092 | probe up sent=68203 drop=11888 wblock=0 lag=0
ingest 20038/s total=100130 | probe up sent=88242 drop=11888 wblock=0 lag=0
ingest 20013/s total=120143 | probe up sent=108253 drop=11888 wblock=0 lag=3
ingest 20018/s total=140161 | probe up sent=128272 drop=11888 wblock=0 lag=0
ingest 20017/s total=160178 | probe up sent=148289 drop=11888 wblock=0 lag=2
ingest 20017/s total=180195 | probe up sent=168308 drop=11888 wblock=0 lag=2
ingest 20018/s total=200213 | probe up sent=188323 drop=11888 wblock=0 lag=3
ingest 20017/s total=220230 | probe up sent=208343 drop=11888 wblock=0 lag=2
ingest 20017/s total=240247 | probe up sent=228358 drop=11888 wblock=0 lag=1
ingest 20018/s total=260265 | probe -- sent=248189 drop=11888 wblock=0 lag=191
ingest 20015/s total=280280 | probe -- sent=248189 drop=11888 wblock=0 lag=20204

shutting down

topology ring
source   synth0     frames=280282 kernel_drops=0 read_errors=0
ingest   frames=280282 batches=280171 threads=1 claim_retries=0
consumer probe      sent=248189 bytes=10924696 batches=62321 dropped=11888 would_block=0 partial=0 connects=1 disconnects=1 gaps_sent=0 frames_lost=0 lingered=62289
