consumer probe      listening on port 9900
topology ring, 1 source(s), capacity 8192, batch 256, linger 2500us
  source synth0
ingest 20057/s total=20057 | probe -- sent=0 drop=0 wblock=0 lag=20059
ingest 20016/s total=40073 | probe up sent=27670 drop=12401 wblock=0 lag=3
ingest 20017/s total=60090 | probe up sent=47653 drop=12401 wblock=0 lag=0
ingest 20018/s total=80108 | probe up sent=67659 drop=12401 wblock=0 lag=0
ingest 20018/s total=100126 | probe up sent=87706 drop=12401 wblock=0 lag=1
ingest 20018/s total=120144 | probe up sent=107720 drop=12401 wblock=0 lag=0
ingest 20016/s total=140160 | probe up sent=127756 drop=12401 wblock=0 lag=1
ingest 20018/s total=160178 | probe up sent=147757 drop=12401 wblock=0 lag=0
ingest 20017/s total=180195 | probe up sent=167762 drop=12401 wblock=0 lag=1
ingest 20016/s total=200211 | probe up sent=187802 drop=12401 wblock=0 lag=0
ingest 20017/s total=220228 | probe up sent=207797 drop=12401 wblock=0 lag=0
ingest 20017/s total=240245 | probe up sent=227837 drop=12401 wblock=0 lag=0
ingest 20020/s total=260265 | probe -- sent=247724 drop=12401 wblock=0 lag=142
ingest 20017/s total=280282 | probe -- sent=247724 drop=12401 wblock=0 lag=20159

shutting down

topology ring
source   synth0     frames=280285 kernel_drops=0 read_errors=0
ingest   frames=280285 batches=280079 threads=1 claim_retries=0
consumer probe      sent=247724 bytes=9983824 batches=4679 dropped=12401 would_block=0 partial=0 connects=1 disconnects=1 gaps_sent=0 frames_lost=0 lingered=4647
