consumer probe      listening on port 9900
topology ring, 1 source(s), capacity 8192, batch 256, linger 500us
  source synth0
ingest 20043/s total=20043 | probe -- sent=0 drop=0 wblock=0 lag=20045
ingest 20016/s total=40059 | probe up sent=28159 drop=11892 wblock=0 lag=0
ingest 20016/s total=60075 | probe up sent=48180 drop=11892 wblock=0 lag=0
ingest 20017/s total=80092 | probe up sent=68199 drop=11892 wblock=0 lag=0
ingest 20015/s total=100107 | probe up sent=88212 drop=11892 wblock=0 lag=3
ingest 20017/s total=120124 | probe up sent=108227 drop=11892 wblock=0 lag=0
ingest 20018/s total=140142 | probe up sent=128248 drop=11892 wblock=0 lag=0
ingest 20016/s total=160158 | probe up sent=148253 drop=11892 wblock=0 lag=3
ingest 20017/s total=180175 | probe up sent=168272 drop=11892 wblock=0 lag=3
ingest 20019/s total=200194 | probe up sent=188296 drop=11892 wblock=0 lag=5
ingest 20018/s total=220212 | probe -- sent=208197 drop=11892 wblock=0 lag=125
ingest 20014/s total=240226 | probe -- sent=208197 drop=11892 wblock=0 lag=20138

shutting down

topology ring
source   synth0     frames=240229 kernel_drops=0 read_errors=0
ingest   frames=240229 batches=240163 threads=1 claim_retries=0
consumer probe      sent=208197 bytes=8595704 batches=16739 dropped=11892 would_block=0 partial=0 connects=1 disconnects=1 gaps_sent=0 frames_lost=0 lingered=16706
