connected to 127.0.0.1:9900
28194/s total=28194 lost=0 gw_p50=0ns
20010/s total=48204 lost=0 gw_p50=322811ns
20007/s total=68211 lost=0 gw_p50=330519ns
20001/s total=88212 lost=0 gw_p50=348436ns
20004/s total=108216 lost=0 gw_p50=355727ns
20007/s total=128223 lost=0 gw_p50=360155ns
20004/s total=148227 lost=0 gw_p50=362967ns
20005/s total=168232 lost=0 gw_p50=364425ns
20012/s total=188244 lost=0 gw_p50=364842ns

frames        208185 in 10.000s = 20818.1/s
batches       16738 (mean 12.4 frames/batch)
markers       0  (0 frames, gateway-reported)
absent        0  (0 frames passed while disconnected)
silent jumps  0  (0 frames, no marker: a protocol fault)
connections   1
protocol_errs 0
warmup        48180 samples discarded (first 2s)

latency, nanoseconds (valid only within one CLOCK_MONOTONIC domain):
gateway  n=160005 (retained 160005, stride 1)
         min 50104  p50 364946  p90 569424  p99 675674  p99.9 14171293  max 19465124  mean 407251
