connected to 127.0.0.1:9900
28181/s total=28181 lost=0 gw_p50=0ns
20000/s total=48181 lost=0 gw_p50=0ns
20001/s total=68182 lost=0 gw_p50=77292ns
20001/s total=88183 lost=0 gw_p50=72708ns
20000/s total=108183 lost=0 gw_p50=72656ns
20001/s total=128184 lost=0 gw_p50=72917ns
20000/s total=148184 lost=0 gw_p50=72760ns
20001/s total=168185 lost=0 gw_p50=72603ns
20000/s total=188185 lost=0 gw_p50=72656ns
20001/s total=208186 lost=0 gw_p50=72812ns
20000/s total=228186 lost=0 gw_p50=72552ns

frames        247611 in 11.972s = 20683.2/s
batches       234884 (mean 1.1 frames/batch)
markers       0  (0 frames, gateway-reported)
absent        0  (0 frames passed while disconnected)
silent jumps  0  (0 frames, no marker: a protocol fault)
connections   1
protocol_errs 0
warmup        68180 samples discarded (first 3s)

latency, nanoseconds (CLOCK_MONOTONIC, valid only within one machine):
gateway  n=179431 (retained 179431, stride 1)
         min 40000  p50 72708  p90 77396  p99 118333  p99.9 157343  max 418592  mean 67216
