consumer probe      listening on port 9900
topology ring, 1 source(s), capacity 8192, batch 256, linger 100us
  source synth0
ingest 20436/s total=20436 | probe up sent=8447 drop=11988 wblock=0 lag=0
ingest 20008/s total=40444 | probe up sent=28455 drop=11988 wblock=0 lag=0
ingest 20007/s total=60451 | probe up sent=48463 drop=11988 wblock=0 lag=0
ingest 20008/s total=80459 | probe up sent=68471 drop=11988 wblock=0 lag=0
ingest 20009/s total=100468 | probe up sent=88480 drop=11988 wblock=0 lag=1
ingest 20008/s total=120476 | probe up sent=108487 drop=11988 wblock=0 lag=1
ingest 20007/s total=140483 | probe up sent=128494 drop=11988 wblock=0 lag=1
ingest 20007/s total=160490 | probe up sent=148500 drop=11988 wblock=0 lag=1
ingest 20008/s total=180498 | probe up sent=168510 drop=11988 wblock=0 lag=0
ingest 20008/s total=200506 | probe up sent=188518 drop=11988 wblock=0 lag=0
ingest 20011/s total=220517 | probe up sent=208529 drop=11988 wblock=0 lag=0
ingest 20010/s total=240527 | probe up sent=228540 drop=11988 wblock=0 lag=1
ingest 20010/s total=260537 | probe -- sent=248165 drop=11988 wblock=0 lag=387
ingest 20006/s total=280543 | probe -- sent=248165 drop=11988 wblock=0 lag=20392

shutting down

topology ring
source   synth0     frames=280546 kernel_drops=0 read_errors=0
ingest   frames=280546 batches=280101 threads=1 claim_retries=0
consumer probe      sent=248165 bytes=11077304 batches=71919 dropped=11988 would_block=0 partial=0 connects=1 disconnects=1 gaps_sent=0 frames_lost=0 lingered=71887
