connected to 127.0.0.1:9900
28185/s total=28185 lost=0 gw_p50=0ns
20003/s total=48188 lost=0 gw_p50=0ns
20000/s total=68188 lost=0 gw_p50=124114ns
20002/s total=88190 lost=0 gw_p50=123750ns
20003/s total=108193 lost=0 gw_p50=123645ns
20001/s total=128194 lost=0 gw_p50=123750ns
20004/s total=148198 lost=0 gw_p50=123853ns
20001/s total=168199 lost=0 gw_p50=123853ns
20004/s total=188203 lost=0 gw_p50=123854ns
20002/s total=208205 lost=0 gw_p50=123853ns
20001/s total=228206 lost=0 gw_p50=123906ns

frames        248162 in 11.999s = 20681.8/s
batches       71918 (mean 3.5 frames/batch)
markers       0  (0 frames, gateway-reported)
absent        0  (0 frames passed while disconnected)
silent jumps  0  (0 frames, no marker: a protocol fault)
connections   1
protocol_errs 0
warmup        68181 samples discarded (first 3s)

latency, nanoseconds (CLOCK_MONOTONIC, valid only within one machine):
gateway  n=179981 (retained 179981, stride 1)
         min 63333  p50 123958  p90 220936  p99 2805769  p99.9 18901374  max 24264631  mean 241971
