consumer probe      listening on port 9900
topology ring, 1 source(s), capacity 8192, batch 256, linger 500us
  source synth0
ingest 20057/s total=20057 | probe -- sent=0 drop=0 wblock=0 lag=20060
ingest 20019/s total=40076 | probe up sent=27658 drop=12412 wblock=0 lag=0
ingest 20017/s total=60093 | probe up sent=47679 drop=12412 wblock=0 lag=0
ingest 20019/s total=80112 | probe up sent=67690 drop=12412 wblock=0 lag=1
ingest 20017/s total=100129 | probe up sent=87711 drop=12412 wblock=0 lag=1
ingest 20018/s total=120147 | probe up sent=107735 drop=12412 wblock=0 lag=1
ingest 20016/s total=140163 | probe up sent=127749 drop=12412 wblock=0 lag=0
ingest 20023/s total=160186 | probe up sent=147770 drop=12412 wblock=0 lag=1
ingest 20018/s total=180204 | probe up sent=167790 drop=12412 wblock=0 lag=0
ingest 20015/s total=200219 | probe up sent=187806 drop=12412 wblock=0 lag=0
ingest 20018/s total=220237 | probe up sent=207826 drop=12412 wblock=0 lag=0
ingest 20018/s total=240255 | probe up sent=227839 drop=12412 wblock=0 lag=1
ingest 20017/s total=260272 | probe -- sent=247644 drop=12412 wblock=0 lag=218
ingest 20017/s total=280289 | probe -- sent=247644 drop=12412 wblock=0 lag=20235

shutting down

topology ring
source   synth0     frames=280292 kernel_drops=0 read_errors=0
ingest   frames=280292 batches=279995 threads=1 claim_retries=0
consumer probe      sent=247644 bytes=10252896 batches=21696 dropped=12412 would_block=0 partial=0 connects=1 disconnects=1 gaps_sent=0 frames_lost=0 lingered=21664
